Archive member included to satisfy reference by file (symbol)

c:/program files (x86)/gnu arm embedded toolchain/10 2020-q4-major/bin/../lib/gcc/arm-none-eabi/10.2.1/thumb/v7e-m+fp/hard\libgcc.a(_aeabi_uldivmod.o)
                              CMakeFiles/untitled3.elf.dir/Drivers/STM32F4xx_HAL_Driver/Src/stm32f4xx_hal_rcc.c.obj (__aeabi_uldivmod)
c:/program files (x86)/gnu arm embedded toolchain/10 2020-q4-major/bin/../lib/gcc/arm-none-eabi/10.2.1/thumb/v7e-m+fp/hard\libgcc.a(_udivmoddi4.o)
                              c:/program files (x86)/gnu arm embedded toolchain/10 2020-q4-major/bin/../lib/gcc/arm-none-eabi/10.2.1/thumb/v7e-m+fp/hard\libgcc.a(_aeabi_uldivmod.o) (__udivmoddi4)
c:/program files (x86)/gnu arm embedded toolchain/10 2020-q4-major/bin/../lib/gcc/arm-none-eabi/10.2.1/thumb/v7e-m+fp/hard\libgcc.a(_dvmd_tls.o)
                              c:/program files (x86)/gnu arm embedded toolchain/10 2020-q4-major/bin/../lib/gcc/arm-none-eabi/10.2.1/thumb/v7e-m+fp/hard\libgcc.a(_aeabi_uldivmod.o) (__aeabi_ldiv0)
c:/program files (x86)/gnu arm embedded toolchain/10 2020-q4-major/bin/../lib/gcc/arm-none-eabi/10.2.1/../../../../arm-none-eabi/lib/thumb/v7e-m+fp/hard\libg.a(lib_a-exit.o)
                              c:/program files (x86)/gnu arm embedded toolchain/10 2020-q4-major/bin/../lib/gcc/arm-none-eabi/10.2.1/../../../../arm-none-eabi/lib/thumb/v7e-m+fp/hard/crt0.o (exit)
c:/program files (x86)/gnu arm embedded toolchain/10 2020-q4-major/bin/../lib/gcc/arm-none-eabi/10.2.1/../../../../arm-none-eabi/lib/thumb/v7e-m+fp/hard\libg.a(lib_a-impure.o)
                              c:/program files (x86)/gnu arm embedded toolchain/10 2020-q4-major/bin/../lib/gcc/arm-none-eabi/10.2.1/../../../../arm-none-eabi/lib/thumb/v7e-m+fp/hard\libg.a(lib_a-exit.o) (_global_impure_ptr)
c:/program files (x86)/gnu arm embedded toolchain/10 2020-q4-major/bin/../lib/gcc/arm-none-eabi/10.2.1/../../../../arm-none-eabi/lib/thumb/v7e-m+fp/hard\libg.a(lib_a-init.o)
                              c:/program files (x86)/gnu arm embedded toolchain/10 2020-q4-major/bin/../lib/gcc/arm-none-eabi/10.2.1/../../../../arm-none-eabi/lib/thumb/v7e-m+fp/hard/crt0.o (__libc_init_array)
c:/program files (x86)/gnu arm embedded toolchain/10 2020-q4-major/bin/../lib/gcc/arm-none-eabi/10.2.1/../../../../arm-none-eabi/lib/thumb/v7e-m+fp/hard\libg.a(lib_a-memcpy.o)
                              CMakeFiles/untitled3.elf.dir/Middlewares/Third_Party/FreeRTOS/Source/queue.c.obj (memcpy)
c:/program files (x86)/gnu arm embedded toolchain/10 2020-q4-major/bin/../lib/gcc/arm-none-eabi/10.2.1/../../../../arm-none-eabi/lib/thumb/v7e-m+fp/hard\libg.a(lib_a-memset.o)
                              c:/program files (x86)/gnu arm embedded toolchain/10 2020-q4-major/bin/../lib/gcc/arm-none-eabi/10.2.1/../../../../arm-none-eabi/lib/thumb/v7e-m+fp/hard/crt0.o (memset)
c:/program files (x86)/gnu arm embedded toolchain/10 2020-q4-major/bin/../lib/gcc/arm-none-eabi/10.2.1/../../../../arm-none-eabi/lib/thumb/v7e-m+fp/hard\libg.a(lib_a-__call_atexit.o)
                              c:/program files (x86)/gnu arm embedded toolchain/10 2020-q4-major/bin/../lib/gcc/arm-none-eabi/10.2.1/../../../../arm-none-eabi/lib/thumb/v7e-m+fp/hard\libg.a(lib_a-exit.o) (__call_exitprocs)
c:/program files (x86)/gnu arm embedded toolchain/10 2020-q4-major/bin/../lib/gcc/arm-none-eabi/10.2.1/../../../../arm-none-eabi/lib/thumb/v7e-m+fp/hard\libg.a(lib_a-atexit.o)
                              c:/program files (x86)/gnu arm embedded toolchain/10 2020-q4-major/bin/../lib/gcc/arm-none-eabi/10.2.1/../../../../arm-none-eabi/lib/thumb/v7e-m+fp/hard\libg.a(lib_a-__call_atexit.o) (atexit)
c:/program files (x86)/gnu arm embedded toolchain/10 2020-q4-major/bin/../lib/gcc/arm-none-eabi/10.2.1/../../../../arm-none-eabi/lib/thumb/v7e-m+fp/hard\libg.a(lib_a-fini.o)
                              c:/program files (x86)/gnu arm embedded toolchain/10 2020-q4-major/bin/../lib/gcc/arm-none-eabi/10.2.1/../../../../arm-none-eabi/lib/thumb/v7e-m+fp/hard\libg.a(lib_a-__call_atexit.o) (__libc_fini_array)
c:/program files (x86)/gnu arm embedded toolchain/10 2020-q4-major/bin/../lib/gcc/arm-none-eabi/10.2.1/../../../../arm-none-eabi/lib/thumb/v7e-m+fp/hard\libg.a(lib_a-lock.o)
                              c:/program files (x86)/gnu arm embedded toolchain/10 2020-q4-major/bin/../lib/gcc/arm-none-eabi/10.2.1/../../../../arm-none-eabi/lib/thumb/v7e-m+fp/hard\libg.a(lib_a-__call_atexit.o) (__retarget_lock_acquire_recursive)
c:/program files (x86)/gnu arm embedded toolchain/10 2020-q4-major/bin/../lib/gcc/arm-none-eabi/10.2.1/../../../../arm-none-eabi/lib/thumb/v7e-m+fp/hard\libg.a(lib_a-__atexit.o)
                              c:/program files (x86)/gnu arm embedded toolchain/10 2020-q4-major/bin/../lib/gcc/arm-none-eabi/10.2.1/../../../../arm-none-eabi/lib/thumb/v7e-m+fp/hard\libg.a(lib_a-atexit.o) (__register_exitproc)

Discarded input sections

[...]
Memory Configuration

Name             Origin             Length             Attributes
RAM              0x20000000         0x00020000         xrw
CCMRAM           0x10000000         0x00010000         xrw
FLASH            0x08000000         0x00100000         xr
*default*        0x00000000         0xffffffff

Linker script and memory map

LOAD c:/program files (x86)/gnu arm embedded toolchain/10 2020-q4-major/bin/../lib/gcc/arm-none-eabi/10.2.1/thumb/v7e-m+fp/hard/crti.o
LOAD c:/program files (x86)/gnu arm embedded toolchain/10 2020-q4-major/bin/../lib/gcc/arm-none-eabi/10.2.1/thumb/v7e-m+fp/hard/crtbegin.o
LOAD c:/program files (x86)/gnu arm embedded toolchain/10 2020-q4-major/bin/../lib/gcc/arm-none-eabi/10.2.1/../../../../arm-none-eabi/lib/thumb/v7e-m+fp/hard/crt0.o
LOAD CMakeFiles/untitled3.elf.dir/Core/Src/adc.c.obj
LOAD CMakeFiles/untitled3.elf.dir/Core/Src/crc.c.obj
LOAD CMakeFiles/untitled3.elf.dir/Core/Src/freertos.c.obj
LOAD CMakeFiles/untitled3.elf.dir/Core/Src/fsmc.c.obj
LOAD CMakeFiles/untitled3.elf.dir/Core/Src/gpio.c.obj
LOAD CMakeFiles/untitled3.elf.dir/Core/Src/i2c.c.obj
LOAD CMakeFiles/untitled3.elf.dir/Core/Src/iwdg.c.obj
LOAD CMakeFiles/untitled3.elf.dir/Core/Src/main.c.obj
LOAD CMakeFiles/untitled3.elf.dir/Core/Src/spi.c.obj
LOAD CMakeFiles/untitled3.elf.dir/Core/Src/stm32f4xx_hal_msp.c.obj
LOAD CMakeFiles/untitled3.elf.dir/Core/Src/stm32f4xx_hal_timebase_tim.c.obj
LOAD CMakeFiles/untitled3.elf.dir/Core/Src/stm32f4xx_it.c.obj
LOAD CMakeFiles/untitled3.elf.dir/Core/Src/system_stm32f4xx.c.obj
LOAD CMakeFiles/untitled3.elf.dir/Core/Src/tim.c.obj
LOAD CMakeFiles/untitled3.elf.dir/Core/Src/usart.c.obj
LOAD CMakeFiles/untitled3.elf.dir/Drivers/STM32F4xx_HAL_Driver/Src/stm32f4xx_hal.c.obj
LOAD CMakeFiles/untitled3.elf.dir/Drivers/STM32F4xx_HAL_Driver/Src/stm32f4xx_hal_adc.c.obj
LOAD CMakeFiles/untitled3.elf.dir/Drivers/STM32F4xx_HAL_Driver/Src/stm32f4xx_hal_adc_ex.c.obj
LOAD CMakeFiles/untitled3.elf.dir/Drivers/STM32F4xx_HAL_Driver/Src/stm32f4xx_hal_cortex.c.obj
LOAD CMakeFiles/untitled3.elf.dir/Drivers/STM32F4xx_HAL_Driver/Src/stm32f4xx_hal_crc.c.obj
LOAD CMakeFiles/untitled3.elf.dir/Drivers/STM32F4xx_HAL_Driver/Src/stm32f4xx_hal_dma.c.obj
LOAD CMakeFiles/untitled3.elf.dir/Drivers/STM32F4xx_HAL_Driver/Src/stm32f4xx_hal_dma_ex.c.obj
LOAD CMakeFiles/untitled3.elf.dir/Drivers/STM32F4xx_HAL_Driver/Src/stm32f4xx_hal_exti.c.obj
LOAD CMakeFiles/untitled3.elf.dir/Drivers/STM32F4xx_HAL_Driver/Src/stm32f4xx_hal_flash.c.obj
LOAD CMakeFiles/untitled3.elf.dir/Drivers/STM32F4xx_HAL_Driver/Src/stm32f4xx_hal_flash_ex.c.obj
LOAD CMakeFiles/untitled3.elf.dir/Drivers/STM32F4xx_HAL_Driver/Src/stm32f4xx_hal_flash_ramfunc.c.obj
LOAD CMakeFiles/untitled3.elf.dir/Drivers/STM32F4xx_HAL_Driver/Src/stm32f4xx_hal_gpio.c.obj
LOAD CMakeFiles/untitled3.elf.dir/Drivers/STM32F4xx_HAL_Driver/Src/stm32f4xx_hal_i2c.c.obj
LOAD CMakeFiles/untitled3.elf.dir/Drivers/STM32F4xx_HAL_Driver/Src/stm32f4xx_hal_i2c_ex.c.obj
LOAD CMakeFiles/untitled3.elf.dir/Drivers/STM32F4xx_HAL_Driver/Src/stm32f4xx_hal_iwdg.c.obj
LOAD CMakeFiles/untitled3.elf.dir/Drivers/STM32F4xx_HAL_Driver/Src/stm32f4xx_hal_pwr.c.obj
LOAD CMakeFiles/untitled3.elf.dir/Drivers/STM32F4xx_HAL_Driver/Src/stm32f4xx_hal_pwr_ex.c.obj
LOAD CMakeFiles/untitled3.elf.dir/Drivers/STM32F4xx_HAL_Driver/Src/stm32f4xx_hal_rcc.c.obj
LOAD CMakeFiles/untitled3.elf.dir/Drivers/STM32F4xx_HAL_Driver/Src/stm32f4xx_hal_rcc_ex.c.obj
LOAD CMakeFiles/untitled3.elf.dir/Drivers/STM32F4xx_HAL_Driver/Src/stm32f4xx_hal_spi.c.obj
LOAD CMakeFiles/untitled3.elf.dir/Drivers/STM32F4xx_HAL_Driver/Src/stm32f4xx_hal_sram.c.obj
LOAD CMakeFiles/untitled3.elf.dir/Drivers/STM32F4xx_HAL_Driver/Src/stm32f4xx_hal_tim.c.obj
LOAD CMakeFiles/untitled3.elf.dir/Drivers/STM32F4xx_HAL_Driver/Src/stm32f4xx_hal_tim_ex.c.obj
LOAD CMakeFiles/untitled3.elf.dir/Drivers/STM32F4xx_HAL_Driver/Src/stm32f4xx_hal_uart.c.obj
LOAD CMakeFiles/untitled3.elf.dir/Drivers/STM32F4xx_HAL_Driver/Src/stm32f4xx_ll_fsmc.c.obj
LOAD CMakeFiles/untitled3.elf.dir/Middlewares/Third_Party/FreeRTOS/Source/CMSIS_RTOS/cmsis_os.c.obj
LOAD CMakeFiles/untitled3.elf.dir/Middlewares/Third_Party/FreeRTOS/Source/croutine.c.obj
LOAD CMakeFiles/untitled3.elf.dir/Middlewares/Third_Party/FreeRTOS/Source/event_groups.c.obj
LOAD CMakeFiles/untitled3.elf.dir/Middlewares/Third_Party/FreeRTOS/Source/list.c.obj
LOAD CMakeFiles/untitled3.elf.dir/Middlewares/Third_Party/FreeRTOS/Source/portable/GCC/ARM_CM4F/port.c.obj
LOAD CMakeFiles/untitled3.elf.dir/Middlewares/Third_Party/FreeRTOS/Source/portable/MemMang/heap_4.c.obj
LOAD CMakeFiles/untitled3.elf.dir/Middlewares/Third_Party/FreeRTOS/Source/queue.c.obj
LOAD CMakeFiles/untitled3.elf.dir/Middlewares/Third_Party/FreeRTOS/Source/stream_buffer.c.obj
LOAD CMakeFiles/untitled3.elf.dir/Middlewares/Third_Party/FreeRTOS/Source/tasks.c.obj
LOAD CMakeFiles/untitled3.elf.dir/Middlewares/Third_Party/FreeRTOS/Source/timers.c.obj
LOAD CMakeFiles/untitled3.elf.dir/startup/startup_stm32f407xx.s.obj
START GROUP
LOAD c:/program files (x86)/gnu arm embedded toolchain/10 2020-q4-major/bin/../lib/gcc/arm-none-eabi/10.2.1/thumb/v7e-m+fp/hard\libgcc.a
LOAD c:/program files (x86)/gnu arm embedded toolchain/10 2020-q4-major/bin/../lib/gcc/arm-none-eabi/10.2.1/../../../../arm-none-eabi/lib/thumb/v7e-m+fp/hard\libg.a
LOAD c:/program files (x86)/gnu arm embedded toolchain/10 2020-q4-major/bin/../lib/gcc/arm-none-eabi/10.2.1/../../../../arm-none-eabi/lib/thumb/v7e-m+fp/hard\libc.a
END GROUP
LOAD c:/program files (x86)/gnu arm embedded toolchain/10 2020-q4-major/bin/../lib/gcc/arm-none-eabi/10.2.1/thumb/v7e-m+fp/hard/crtend.o
LOAD c:/program files (x86)/gnu arm embedded toolchain/10 2020-q4-major/bin/../lib/gcc/arm-none-eabi/10.2.1/thumb/v7e-m+fp/hard/crtn.o
                0x20020000                _estack = 0x20020000
                0x00000200                _Min_Heap_Size = 0x200
                0x00000400                _Min_Stack_Size = 0x400

.isr_vector     0x08000000      0x188
                0x08000000                . = ALIGN (0x4)
 *(.isr_vector)
 .isr_vector    0x08000000      0x188 CMakeFiles/untitled3.elf.dir/startup/startup_stm32f407xx.s.obj
                0x08000000                g_pfnVectors
                0x08000188                . = ALIGN (0x4)

.text           0x08000190     0x3d9c
                0x08000190                . = ALIGN (0x4)
 *(.text)
 .text          0x08000190       0x40 c:/program files (x86)/gnu arm embedded toolchain/10 2020-q4-major/bin/../lib/gcc/arm-none-eabi/10.2.1/thumb/v7e-m+fp/hard/crtbegin.o
 .text          0x080001d0       0x30 c:/program files (x86)/gnu arm embedded toolchain/10 2020-q4-major/bin/../lib/gcc/arm-none-eabi/10.2.1/thumb/v7e-m+fp/hard\libgcc.a(_aeabi_uldivmod.o)
                0x080001d0                __aeabi_uldivmod
 .text          0x08000200      0x2d0 c:/program files (x86)/gnu arm embedded toolchain/10 2020-q4-major/bin/../lib/gcc/arm-none-eabi/10.2.1/thumb/v7e-m+fp/hard\libgcc.a(_udivmoddi4.o)
                0x08000200                __udivmoddi4
 .text          0x080004d0        0x4 c:/program files (x86)/gnu arm embedded toolchain/10 2020-q4-major/bin/../lib/gcc/arm-none-eabi/10.2.1/thumb/v7e-m+fp/hard\libgcc.a(_dvmd_tls.o)
                0x080004d0                __aeabi_idiv0
                0x080004d0                __aeabi_ldiv0
 *(.text*)
 .text.MX_ADC1_Init
                0x080004d4       0x70 CMakeFiles/untitled3.elf.dir/Core/Src/adc.c.obj
                0x080004d4                MX_ADC1_Init
 .text.HAL_ADC_MspInit
                0x08000544       0x68 CMakeFiles/untitled3.elf.dir/Core/Src/adc.c.obj
                0x08000544                HAL_ADC_MspInit
 .text.MX_CRC_Init
                0x080005ac       0x20 CMakeFiles/untitled3.elf.dir/Core/Src/crc.c.obj
                0x080005ac                MX_CRC_Init
 .text.HAL_CRC_MspInit
                0x080005cc       0x30 CMakeFiles/untitled3.elf.dir/Core/Src/crc.c.obj
                0x080005cc                HAL_CRC_MspInit
 .text.StartDefaultTask
                0x080005fc        0xa CMakeFiles/untitled3.elf.dir/Core/Src/freertos.c.obj
                0x080005fc                StartDefaultTask
 *fill*         0x08000606        0x2 
 .text.vApplicationGetIdleTaskMemory
                0x08000608       0x18 CMakeFiles/untitled3.elf.dir/Core/Src/freertos.c.obj
                0x08000608                vApplicationGetIdleTaskMemory
 .text.MX_FREERTOS_Init
                0x08000620       0x30 CMakeFiles/untitled3.elf.dir/Core/Src/freertos.c.obj
                0x08000620                MX_FREERTOS_Init
 .text.HAL_FSMC_MspInit
                0x08000650       0x94 CMakeFiles/untitled3.elf.dir/Core/Src/fsmc.c.obj
 .text.MX_FSMC_Init
                0x080006e4       0x70 CMakeFiles/untitled3.elf.dir/Core/Src/fsmc.c.obj
                0x080006e4                MX_FSMC_Init
 .text.HAL_SRAM_MspInit
                0x08000754        0x8 CMakeFiles/untitled3.elf.dir/Core/Src/fsmc.c.obj
                0x08000754                HAL_SRAM_MspInit
 .text.MX_GPIO_Init
                0x0800075c      0x1a8 CMakeFiles/untitled3.elf.dir/Core/Src/gpio.c.obj
                0x0800075c                MX_GPIO_Init
 .text.MX_I2C2_Init
                0x08000904       0x3c CMakeFiles/untitled3.elf.dir/Core/Src/i2c.c.obj
                0x08000904                MX_I2C2_Init
 .text.HAL_I2C_MspInit
                0x08000940       0x70 CMakeFiles/untitled3.elf.dir/Core/Src/i2c.c.obj
                0x08000940                HAL_I2C_MspInit
 .text.MX_IWDG_Init
                0x080009b0       0x28 CMakeFiles/untitled3.elf.dir/Core/Src/iwdg.c.obj
                0x080009b0                MX_IWDG_Init
 .text.HAL_TIM_PeriodElapsedCallback
                0x080009d8       0x18 CMakeFiles/untitled3.elf.dir/Core/Src/main.c.obj
                0x080009d8                HAL_TIM_PeriodElapsedCallback
 .text.Error_Handler
                0x080009f0        0x4 CMakeFiles/untitled3.elf.dir/Core/Src/main.c.obj
                0x080009f0                Error_Handler
 .text.SystemClock_Config
                0x080009f4       0xac CMakeFiles/untitled3.elf.dir/Core/Src/main.c.obj
                0x080009f4                SystemClock_Config
 .text.main     0x08000aa0       0x54 CMakeFiles/untitled3.elf.dir/Core/Src/main.c.obj
                0x08000aa0                main
 .text.MX_SPI1_Init
                0x08000af4       0x40 CMakeFiles/untitled3.elf.dir/Core/Src/spi.c.obj
                0x08000af4                MX_SPI1_Init
 .text.MX_SPI2_Init
                0x08000b34       0x3c CMakeFiles/untitled3.elf.dir/Core/Src/spi.c.obj
                0x08000b34                MX_SPI2_Init
 .text.HAL_SPI_MspInit
                0x08000b70      0x118 CMakeFiles/untitled3.elf.dir/Core/Src/spi.c.obj
                0x08000b70                HAL_SPI_MspInit
 .text.HAL_MspInit
                0x08000c88       0x44 CMakeFiles/untitled3.elf.dir/Core/Src/stm32f4xx_hal_msp.c.obj
                0x08000c88                HAL_MspInit
 .text.HAL_InitTick
                0x08000ccc       0x7c CMakeFiles/untitled3.elf.dir/Core/Src/stm32f4xx_hal_timebase_tim.c.obj
                0x08000ccc                HAL_InitTick
 .text.NMI_Handler
                0x08000d48        0x2 CMakeFiles/untitled3.elf.dir/Core/Src/stm32f4xx_it.c.obj
                0x08000d48                NMI_Handler
 .text.HardFault_Handler
                0x08000d4a        0x2 CMakeFiles/untitled3.elf.dir/Core/Src/stm32f4xx_it.c.obj
                0x08000d4a                HardFault_Handler
 .text.MemManage_Handler
                0x08000d4c        0x2 CMakeFiles/untitled3.elf.dir/Core/Src/stm32f4xx_it.c.obj
                0x08000d4c                MemManage_Handler
 .text.BusFault_Handler
                0x08000d4e        0x2 CMakeFiles/untitled3.elf.dir/Core/Src/stm32f4xx_it.c.obj
                0x08000d4e                BusFault_Handler
 .text.UsageFault_Handler
                0x08000d50        0x2 CMakeFiles/untitled3.elf.dir/Core/Src/stm32f4xx_it.c.obj
                0x08000d50                UsageFault_Handler
 .text.DebugMon_Handler
                0x08000d52        0x2 CMakeFiles/untitled3.elf.dir/Core/Src/stm32f4xx_it.c.obj
                0x08000d52                DebugMon_Handler
 .text.TIM6_DAC_IRQHandler
                0x08000d54       0x10 CMakeFiles/untitled3.elf.dir/Core/Src/stm32f4xx_it.c.obj
                0x08000d54                TIM6_DAC_IRQHandler
 .text.SystemInit
                0x08000d64       0x1c CMakeFiles/untitled3.elf.dir/Core/Src/system_stm32f4xx.c.obj
                0x08000d64                SystemInit
 .text.MX_TIM2_Init
                0x08000d80       0x60 CMakeFiles/untitled3.elf.dir/Core/Src/tim.c.obj
                0x08000d80                MX_TIM2_Init
 .text.HAL_TIM_PWM_MspInit
                0x08000de0       0xb4 CMakeFiles/untitled3.elf.dir/Core/Src/tim.c.obj
                0x08000de0                HAL_TIM_PWM_MspInit
 .text.HAL_TIM_Encoder_MspInit
                0x08000e94       0x68 CMakeFiles/untitled3.elf.dir/Core/Src/tim.c.obj
                0x08000e94                HAL_TIM_Encoder_MspInit
 .text.HAL_TIM_MspPostInit
                0x08000efc      0x14c CMakeFiles/untitled3.elf.dir/Core/Src/tim.c.obj
                0x08000efc                HAL_TIM_MspPostInit
 .text.MX_TIM1_Init
                0x08001048       0xec CMakeFiles/untitled3.elf.dir/Core/Src/tim.c.obj
                0x08001048                MX_TIM1_Init
 .text.MX_TIM4_Init
                0x08001134       0xc8 CMakeFiles/untitled3.elf.dir/Core/Src/tim.c.obj
                0x08001134                MX_TIM4_Init
 .text.MX_TIM8_Init
                0x080011fc       0xec CMakeFiles/untitled3.elf.dir/Core/Src/tim.c.obj
                0x080011fc                MX_TIM8_Init
 .text.MX_UART4_Init
                0x080012e8       0x34 CMakeFiles/untitled3.elf.dir/Core/Src/usart.c.obj
                0x080012e8                MX_UART4_Init
 .text.MX_UART5_Init
                0x0800131c       0x34 CMakeFiles/untitled3.elf.dir/Core/Src/usart.c.obj
                0x0800131c                MX_UART5_Init
 .text.MX_USART1_UART_Init
                0x08001350       0x34 CMakeFiles/untitled3.elf.dir/Core/Src/usart.c.obj
                0x08001350                MX_USART1_UART_Init
 .text.MX_USART3_UART_Init
                0x08001384       0x34 CMakeFiles/untitled3.elf.dir/Core/Src/usart.c.obj
                0x08001384                MX_USART3_UART_Init
 .text.HAL_UART_MspInit
                0x080013b8      0x1f4 CMakeFiles/untitled3.elf.dir/Core/Src/usart.c.obj
                0x080013b8                HAL_UART_MspInit
 .text.HAL_Init
                0x080015ac       0x34 CMakeFiles/untitled3.elf.dir/Drivers/STM32F4xx_HAL_Driver/Src/stm32f4xx_hal.c.obj
                0x080015ac                HAL_Init
 .text.HAL_IncTick
                0x080015e0       0x18 CMakeFiles/untitled3.elf.dir/Drivers/STM32F4xx_HAL_Driver/Src/stm32f4xx_hal.c.obj
                0x080015e0                HAL_IncTick
 .text.HAL_GetTick
                0x080015f8        0xc CMakeFiles/untitled3.elf.dir/Drivers/STM32F4xx_HAL_Driver/Src/stm32f4xx_hal.c.obj
                0x080015f8                HAL_GetTick
 .text.ADC_Init
                0x08001604      0x134 CMakeFiles/untitled3.elf.dir/Drivers/STM32F4xx_HAL_Driver/Src/stm32f4xx_hal_adc.c.obj
 .text.HAL_ADC_Init
                0x08001738       0x56 CMakeFiles/untitled3.elf.dir/Drivers/STM32F4xx_HAL_Driver/Src/stm32f4xx_hal_adc.c.obj
                0x08001738                HAL_ADC_Init
 *fill*         0x0800178e        0x2 
 .text.HAL_ADC_ConfigChannel
                0x08001790      0x198 CMakeFiles/untitled3.elf.dir/Drivers/STM32F4xx_HAL_Driver/Src/stm32f4xx_hal_adc.c.obj
                0x08001790                HAL_ADC_ConfigChannel
 .text.HAL_NVIC_SetPriorityGrouping
                0x08001928       0x24 CMakeFiles/untitled3.elf.dir/Drivers/STM32F4xx_HAL_Driver/Src/stm32f4xx_hal_cortex.c.obj
                0x08001928                HAL_NVIC_SetPriorityGrouping
 .text.HAL_NVIC_SetPriority
                0x0800194c       0x70 CMakeFiles/untitled3.elf.dir/Drivers/STM32F4xx_HAL_Driver/Src/stm32f4xx_hal_cortex.c.obj
                0x0800194c                HAL_NVIC_SetPriority
 .text.HAL_NVIC_EnableIRQ
                0x080019bc       0x1c CMakeFiles/untitled3.elf.dir/Drivers/STM32F4xx_HAL_Driver/Src/stm32f4xx_hal_cortex.c.obj
                0x080019bc                HAL_NVIC_EnableIRQ
 .text.HAL_CRC_Init
                0x080019d8       0x1e CMakeFiles/untitled3.elf.dir/Drivers/STM32F4xx_HAL_Driver/Src/stm32f4xx_hal_crc.c.obj
                0x080019d8                HAL_CRC_Init
 *fill*         0x080019f6        0x2 
 .text.HAL_GPIO_Init
                0x080019f8      0x1d0 CMakeFiles/untitled3.elf.dir/Drivers/STM32F4xx_HAL_Driver/Src/stm32f4xx_hal_gpio.c.obj
                0x080019f8                HAL_GPIO_Init
 .text.HAL_GPIO_WritePin
                0x08001bc8        0xc CMakeFiles/untitled3.elf.dir/Drivers/STM32F4xx_HAL_Driver/Src/stm32f4xx_hal_gpio.c.obj
                0x08001bc8                HAL_GPIO_WritePin
 .text.HAL_I2C_Init
                0x08001bd4      0x1bc CMakeFiles/untitled3.elf.dir/Drivers/STM32F4xx_HAL_Driver/Src/stm32f4xx_hal_i2c.c.obj
                0x08001bd4                HAL_I2C_Init
 .text.HAL_IWDG_Init
                0x08001d90       0x4a CMakeFiles/untitled3.elf.dir/Drivers/STM32F4xx_HAL_Driver/Src/stm32f4xx_hal_iwdg.c.obj
                0x08001d90                HAL_IWDG_Init
 *fill*         0x08001dda        0x2 
 .text.HAL_RCC_OscConfig
                0x08001ddc      0x3ec CMakeFiles/untitled3.elf.dir/Drivers/STM32F4xx_HAL_Driver/Src/stm32f4xx_hal_rcc.c.obj
                0x08001ddc                HAL_RCC_OscConfig
 .text.HAL_RCC_GetSysClockFreq
                0x080021c8       0xa4 CMakeFiles/untitled3.elf.dir/Drivers/STM32F4xx_HAL_Driver/Src/stm32f4xx_hal_rcc.c.obj
                0x080021c8                HAL_RCC_GetSysClockFreq
 .text.HAL_RCC_ClockConfig
                0x0800226c      0x160 CMakeFiles/untitled3.elf.dir/Drivers/STM32F4xx_HAL_Driver/Src/stm32f4xx_hal_rcc.c.obj
                0x0800226c                HAL_RCC_ClockConfig
 .text.HAL_RCC_GetHCLKFreq
                0x080023cc        0xc CMakeFiles/untitled3.elf.dir/Drivers/STM32F4xx_HAL_Driver/Src/stm32f4xx_hal_rcc.c.obj
                0x080023cc                HAL_RCC_GetHCLKFreq
 .text.HAL_RCC_GetPCLK1Freq
                0x080023d8       0x20 CMakeFiles/untitled3.elf.dir/Drivers/STM32F4xx_HAL_Driver/Src/stm32f4xx_hal_rcc.c.obj
                0x080023d8                HAL_RCC_GetPCLK1Freq
 .text.HAL_RCC_GetPCLK2Freq
                0x080023f8       0x20 CMakeFiles/untitled3.elf.dir/Drivers/STM32F4xx_HAL_Driver/Src/stm32f4xx_hal_rcc.c.obj
                0x080023f8                HAL_RCC_GetPCLK2Freq
 .text.HAL_RCC_GetClockConfig
                0x08002418       0x3c CMakeFiles/untitled3.elf.dir/Drivers/STM32F4xx_HAL_Driver/Src/stm32f4xx_hal_rcc.c.obj
                0x08002418                HAL_RCC_GetClockConfig
 .text.HAL_SPI_Init
                0x08002454       0x80 CMakeFiles/untitled3.elf.dir/Drivers/STM32F4xx_HAL_Driver/Src/stm32f4xx_hal_spi.c.obj
                0x08002454                HAL_SPI_Init
 .text.HAL_SRAM_Init
                0x080024d4       0x52 CMakeFiles/untitled3.elf.dir/Drivers/STM32F4xx_HAL_Driver/Src/stm32f4xx_hal_sram.c.obj
                0x080024d4                HAL_SRAM_Init
 *fill*         0x08002526        0x2 
 .text.TIM_OC1_SetConfig
                0x08002528       0x68 CMakeFiles/untitled3.elf.dir/Drivers/STM32F4xx_HAL_Driver/Src/stm32f4xx_hal_tim.c.obj
 .text.TIM_OC3_SetConfig
                0x08002590       0x70 CMakeFiles/untitled3.elf.dir/Drivers/STM32F4xx_HAL_Driver/Src/stm32f4xx_hal_tim.c.obj
 .text.TIM_OC4_SetConfig
                0x08002600       0x50 CMakeFiles/untitled3.elf.dir/Drivers/STM32F4xx_HAL_Driver/Src/stm32f4xx_hal_tim.c.obj
 .text.HAL_TIM_Base_MspInit
                0x08002650        0x2 CMakeFiles/untitled3.elf.dir/Drivers/STM32F4xx_HAL_Driver/Src/stm32f4xx_hal_tim.c.obj
                0x08002650                HAL_TIM_Base_MspInit
 .text.HAL_TIM_Base_Start_IT
                0x08002652       0x22 CMakeFiles/untitled3.elf.dir/Drivers/STM32F4xx_HAL_Driver/Src/stm32f4xx_hal_tim.c.obj
                0x08002652                HAL_TIM_Base_Start_IT
 .text.HAL_TIM_OC_DelayElapsedCallback
                0x08002674        0x2 CMakeFiles/untitled3.elf.dir/Drivers/STM32F4xx_HAL_Driver/Src/stm32f4xx_hal_tim.c.obj
                0x08002674                HAL_TIM_OC_DelayElapsedCallback
 .text.HAL_TIM_IC_CaptureCallback
                0x08002676        0x2 CMakeFiles/untitled3.elf.dir/Drivers/STM32F4xx_HAL_Driver/Src/stm32f4xx_hal_tim.c.obj
                0x08002676                HAL_TIM_IC_CaptureCallback
 .text.HAL_TIM_PWM_PulseFinishedCallback
                0x08002678        0x2 CMakeFiles/untitled3.elf.dir/Drivers/STM32F4xx_HAL_Driver/Src/stm32f4xx_hal_tim.c.obj
                0x08002678                HAL_TIM_PWM_PulseFinishedCallback
 .text.HAL_TIM_TriggerCallback
                0x0800267a        0x2 CMakeFiles/untitled3.elf.dir/Drivers/STM32F4xx_HAL_Driver/Src/stm32f4xx_hal_tim.c.obj
                0x0800267a                HAL_TIM_TriggerCallback
 .text.HAL_TIM_IRQHandler
                0x0800267c      0x17a CMakeFiles/untitled3.elf.dir/Drivers/STM32F4xx_HAL_Driver/Src/stm32f4xx_hal_tim.c.obj
                0x0800267c                HAL_TIM_IRQHandler
 *fill*         0x080027f6        0x2 
 .text.TIM_Base_SetConfig
                0x080027f8       0xc8 CMakeFiles/untitled3.elf.dir/Drivers/STM32F4xx_HAL_Driver/Src/stm32f4xx_hal_tim.c.obj
                0x080027f8                TIM_Base_SetConfig
 .text.HAL_TIM_Base_Init
                0x080028c0       0x34 CMakeFiles/untitled3.elf.dir/Drivers/STM32F4xx_HAL_Driver/Src/stm32f4xx_hal_tim.c.obj
                0x080028c0                HAL_TIM_Base_Init
 .text.HAL_TIM_PWM_Init
                0x080028f4       0x34 CMakeFiles/untitled3.elf.dir/Drivers/STM32F4xx_HAL_Driver/Src/stm32f4xx_hal_tim.c.obj
                0x080028f4                HAL_TIM_PWM_Init
 .text.HAL_TIM_Encoder_Init
                0x08002928       0xa2 CMakeFiles/untitled3.elf.dir/Drivers/STM32F4xx_HAL_Driver/Src/stm32f4xx_hal_tim.c.obj
                0x08002928                HAL_TIM_Encoder_Init
 *fill*         0x080029ca        0x2 
 .text.TIM_OC2_SetConfig
                0x080029cc       0x70 CMakeFiles/untitled3.elf.dir/Drivers/STM32F4xx_HAL_Driver/Src/stm32f4xx_hal_tim.c.obj
                0x080029cc                TIM_OC2_SetConfig
 .text.HAL_TIM_PWM_ConfigChannel
                0x08002a3c       0xdc CMakeFiles/untitled3.elf.dir/Drivers/STM32F4xx_HAL_Driver/Src/stm32f4xx_hal_tim.c.obj
                0x08002a3c                HAL_TIM_PWM_ConfigChannel
 .text.HAL_TIMEx_MasterConfigSynchronization
                0x08002b18       0x8c CMakeFiles/untitled3.elf.dir/Drivers/STM32F4xx_HAL_Driver/Src/stm32f4xx_hal_tim_ex.c.obj
                0x08002b18                HAL_TIMEx_MasterConfigSynchronization
 .text.HAL_TIMEx_ConfigBreakDeadTime
                0x08002ba4       0x52 CMakeFiles/untitled3.elf.dir/Drivers/STM32F4xx_HAL_Driver/Src/stm32f4xx_hal_tim_ex.c.obj
                0x08002ba4                HAL_TIMEx_ConfigBreakDeadTime
 .text.HAL_TIMEx_CommutCallback
                0x08002bf6        0x2 CMakeFiles/untitled3.elf.dir/Drivers/STM32F4xx_HAL_Driver/Src/stm32f4xx_hal_tim_ex.c.obj
                0x08002bf6                HAL_TIMEx_CommutCallback
 .text.HAL_TIMEx_BreakCallback
                0x08002bf8        0x2 CMakeFiles/untitled3.elf.dir/Drivers/STM32F4xx_HAL_Driver/Src/stm32f4xx_hal_tim_ex.c.obj
                0x08002bf8                HAL_TIMEx_BreakCallback
 *fill*         0x08002bfa        0x2 
 .text.UART_SetConfig
                0x08002bfc      0x1d4 CMakeFiles/untitled3.elf.dir/Drivers/STM32F4xx_HAL_Driver/Src/stm32f4xx_hal_uart.c.obj
 .text.HAL_UART_Init
                0x08002dd0       0x5e CMakeFiles/untitled3.elf.dir/Drivers/STM32F4xx_HAL_Driver/Src/stm32f4xx_hal_uart.c.obj
                0x08002dd0                HAL_UART_Init
 *fill*         0x08002e2e        0x2 
 .text.FSMC_NORSRAM_Init
                0x08002e30       0x5c CMakeFiles/untitled3.elf.dir/Drivers/STM32F4xx_HAL_Driver/Src/stm32f4xx_ll_fsmc.c.obj
                0x08002e30                FSMC_NORSRAM_Init
 .text.FSMC_NORSRAM_Timing_Init
                0x08002e8c       0x44 CMakeFiles/untitled3.elf.dir/Drivers/STM32F4xx_HAL_Driver/Src/stm32f4xx_ll_fsmc.c.obj
                0x08002e8c                FSMC_NORSRAM_Timing_Init
 .text.FSMC_NORSRAM_Extended_Timing_Init
                0x08002ed0       0x44 CMakeFiles/untitled3.elf.dir/Drivers/STM32F4xx_HAL_Driver/Src/stm32f4xx_ll_fsmc.c.obj
                0x08002ed0                FSMC_NORSRAM_Extended_Timing_Init
 .text.makeFreeRtosPriority
                0x08002f14        0xc CMakeFiles/untitled3.elf.dir/Middlewares/Third_Party/FreeRTOS/Source/CMSIS_RTOS/cmsis_os.c.obj
 .text.osKernelStart
                0x08002f20        0xa CMakeFiles/untitled3.elf.dir/Middlewares/Third_Party/FreeRTOS/Source/CMSIS_RTOS/cmsis_os.c.obj
                0x08002f20                osKernelStart
 .text.osThreadCreate
                0x08002f2a       0x6a CMakeFiles/untitled3.elf.dir/Middlewares/Third_Party/FreeRTOS/Source/CMSIS_RTOS/cmsis_os.c.obj
                0x08002f2a                osThreadCreate
 .text.osDelay  0x08002f94        0xe CMakeFiles/untitled3.elf.dir/Middlewares/Third_Party/FreeRTOS/Source/CMSIS_RTOS/cmsis_os.c.obj
                0x08002f94                osDelay
 .text.vListInitialise
                0x08002fa2       0x16 CMakeFiles/untitled3.elf.dir/Middlewares/Third_Party/FreeRTOS/Source/list.c.obj
                0x08002fa2                vListInitialise
 .text.vListInitialiseItem
                0x08002fb8        0x6 CMakeFiles/untitled3.elf.dir/Middlewares/Third_Party/FreeRTOS/Source/list.c.obj
                0x08002fb8                vListInitialiseItem
 .text.vListInsertEnd
                0x08002fbe       0x16 CMakeFiles/untitled3.elf.dir/Middlewares/Third_Party/FreeRTOS/Source/list.c.obj
                0x08002fbe                vListInsertEnd
 .text.vListInsert
                0x08002fd4       0x32 CMakeFiles/untitled3.elf.dir/Middlewares/Third_Party/FreeRTOS/Source/list.c.obj
                0x08002fd4                vListInsert
 .text.uxListRemove
                0x08003006       0x26 CMakeFiles/untitled3.elf.dir/Middlewares/Third_Party/FreeRTOS/Source/list.c.obj
                0x08003006                uxListRemove
 .text.prvTaskExitError
                0x0800302c       0x40 CMakeFiles/untitled3.elf.dir/Middlewares/Third_Party/FreeRTOS/Source/portable/GCC/ARM_CM4F/port.c.obj
 .text.prvPortStartFirstTask
                0x0800306c       0x28 CMakeFiles/untitled3.elf.dir/Middlewares/Third_Party/FreeRTOS/Source/portable/GCC/ARM_CM4F/port.c.obj
 .text.vPortEnableVFP
                0x08003094       0x14 CMakeFiles/untitled3.elf.dir/Middlewares/Third_Party/FreeRTOS/Source/portable/GCC/ARM_CM4F/port.c.obj
 .text.pxPortInitialiseStack
                0x080030a8       0x2c CMakeFiles/untitled3.elf.dir/Middlewares/Third_Party/FreeRTOS/Source/portable/GCC/ARM_CM4F/port.c.obj
                0x080030a8                pxPortInitialiseStack
 *fill*         0x080030d4        0xc 
 .text.SVC_Handler
                0x080030e0       0x24 CMakeFiles/untitled3.elf.dir/Middlewares/Third_Party/FreeRTOS/Source/portable/GCC/ARM_CM4F/port.c.obj
                0x080030e0                SVC_Handler
 .text.vPortEnterCritical
                0x08003104       0x44 CMakeFiles/untitled3.elf.dir/Middlewares/Third_Party/FreeRTOS/Source/portable/GCC/ARM_CM4F/port.c.obj
                0x08003104                vPortEnterCritical
 .text.vPortExitCritical
                0x08003148       0x2c CMakeFiles/untitled3.elf.dir/Middlewares/Third_Party/FreeRTOS/Source/portable/GCC/ARM_CM4F/port.c.obj
                0x08003148                vPortExitCritical
 *fill*         0x08003174        0xc 
 .text.PendSV_Handler
                0x08003180       0x64 CMakeFiles/untitled3.elf.dir/Middlewares/Third_Party/FreeRTOS/Source/portable/GCC/ARM_CM4F/port.c.obj
                0x08003180                PendSV_Handler
 .text.SysTick_Handler
                0x080031e4       0x2c CMakeFiles/untitled3.elf.dir/Middlewares/Third_Party/FreeRTOS/Source/portable/GCC/ARM_CM4F/port.c.obj
                0x080031e4                SysTick_Handler
 .text.vPortSetupTimerInterrupt
                0x08003210       0x28 CMakeFiles/untitled3.elf.dir/Middlewares/Third_Party/FreeRTOS/Source/portable/GCC/ARM_CM4F/port.c.obj
                0x08003210                vPortSetupTimerInterrupt
 .text.xPortStartScheduler
                0x08003238      0x118 CMakeFiles/untitled3.elf.dir/Middlewares/Third_Party/FreeRTOS/Source/portable/GCC/ARM_CM4F/port.c.obj
                0x08003238                xPortStartScheduler
 .text.prvHeapInit
                0x08003350       0x64 CMakeFiles/untitled3.elf.dir/Middlewares/Third_Party/FreeRTOS/Source/portable/MemMang/heap_4.c.obj
 .text.prvInsertBlockIntoFreeList
                0x080033b4       0x64 CMakeFiles/untitled3.elf.dir/Middlewares/Third_Party/FreeRTOS/Source/portable/MemMang/heap_4.c.obj
 .text.pvPortMalloc
                0x08003418       0xf0 CMakeFiles/untitled3.elf.dir/Middlewares/Third_Party/FreeRTOS/Source/portable/MemMang/heap_4.c.obj
                0x08003418                pvPortMalloc
 .text.vPortFree
                0x08003508       0x70 CMakeFiles/untitled3.elf.dir/Middlewares/Third_Party/FreeRTOS/Source/portable/MemMang/heap_4.c.obj
                0x08003508                vPortFree
 .text.prvResetNextTaskUnblockTime
                0x08003578       0x2c CMakeFiles/untitled3.elf.dir/Middlewares/Third_Party/FreeRTOS/Source/tasks.c.obj
 .text.prvInitialiseNewTask
                0x080035a4       0xa2 CMakeFiles/untitled3.elf.dir/Middlewares/Third_Party/FreeRTOS/Source/tasks.c.obj
 *fill*         0x08003646        0x2 
 .text.prvInitialiseTaskLists
                0x08003648       0x68 CMakeFiles/untitled3.elf.dir/Middlewares/Third_Party/FreeRTOS/Source/tasks.c.obj
 .text.prvAddNewTaskToReadyList
                0x080036b0       0xa8 CMakeFiles/untitled3.elf.dir/Middlewares/Third_Party/FreeRTOS/Source/tasks.c.obj
 .text.prvDeleteTCB
                0x08003758       0x38 CMakeFiles/untitled3.elf.dir/Middlewares/Third_Party/FreeRTOS/Source/tasks.c.obj
 .text.prvCheckTasksWaitingTermination
                0x08003790       0x4c CMakeFiles/untitled3.elf.dir/Middlewares/Third_Party/FreeRTOS/Source/tasks.c.obj
 .text.prvIdleTask
                0x080037dc       0x28 CMakeFiles/untitled3.elf.dir/Middlewares/Third_Party/FreeRTOS/Source/tasks.c.obj
 .text.prvAddCurrentTaskToDelayedList
                0x08003804       0x98 CMakeFiles/untitled3.elf.dir/Middlewares/Third_Party/FreeRTOS/Source/tasks.c.obj
 .text.xTaskCreateStatic
                0x0800389c       0x76 CMakeFiles/untitled3.elf.dir/Middlewares/Third_Party/FreeRTOS/Source/tasks.c.obj
                0x0800389c                xTaskCreateStatic
 .text.xTaskCreate
                0x08003912       0x68 CMakeFiles/untitled3.elf.dir/Middlewares/Third_Party/FreeRTOS/Source/tasks.c.obj
                0x08003912                xTaskCreate
 *fill*         0x0800397a        0x2 
 .text.vTaskStartScheduler
                0x0800397c       0x74 CMakeFiles/untitled3.elf.dir/Middlewares/Third_Party/FreeRTOS/Source/tasks.c.obj
                0x0800397c                vTaskStartScheduler
 .text.vTaskSuspendAll
                0x080039f0       0x10 CMakeFiles/untitled3.elf.dir/Middlewares/Third_Party/FreeRTOS/Source/tasks.c.obj
                0x080039f0                vTaskSuspendAll
 .text.xTaskIncrementTick
                0x08003a00      0x118 CMakeFiles/untitled3.elf.dir/Middlewares/Third_Party/FreeRTOS/Source/tasks.c.obj
                0x08003a00                xTaskIncrementTick
 .text.xTaskResumeAll
                0x08003b18       0xf8 CMakeFiles/untitled3.elf.dir/Middlewares/Third_Party/FreeRTOS/Source/tasks.c.obj
                0x08003b18                xTaskResumeAll
 .text.vTaskDelay
                0x08003c10       0x4c CMakeFiles/untitled3.elf.dir/Middlewares/Third_Party/FreeRTOS/Source/tasks.c.obj
                0x08003c10                vTaskDelay
 .text.vTaskSwitchContext
                0x08003c5c       0x98 CMakeFiles/untitled3.elf.dir/Middlewares/Third_Party/FreeRTOS/Source/tasks.c.obj
                0x08003c5c                vTaskSwitchContext
 .text.Reset_Handler
                0x08003cf4       0x50 CMakeFiles/untitled3.elf.dir/startup/startup_stm32f407xx.s.obj
                0x08003cf4                Reset_Handler
 .text.Default_Handler
                0x08003d44        0x2 CMakeFiles/untitled3.elf.dir/startup/startup_stm32f407xx.s.obj
                0x08003d44                RTC_Alarm_IRQHandler
                0x08003d44                HASH_RNG_IRQHandler
                0x08003d44                EXTI2_IRQHandler
                0x08003d44                TIM8_CC_IRQHandler
                0x08003d44                TIM1_CC_IRQHandler
                0x08003d44                DMA2_Stream5_IRQHandler
                0x08003d44                DMA1_Stream5_IRQHandler
                0x08003d44                PVD_IRQHandler
                0x08003d44                SDIO_IRQHandler
                0x08003d44                TAMP_STAMP_IRQHandler
                0x08003d44                CAN2_RX1_IRQHandler
                0x08003d44                EXTI3_IRQHandler
                0x08003d44                TIM8_TRG_COM_TIM14_IRQHandler
                0x08003d44                TIM1_UP_TIM10_IRQHandler
                0x08003d44                TIM8_UP_TIM13_IRQHandler
                0x08003d44                I2C3_ER_IRQHandler
                0x08003d44                EXTI0_IRQHandler
                0x08003d44                I2C2_EV_IRQHandler
                0x08003d44                DMA1_Stream2_IRQHandler
                0x08003d44                CAN1_RX0_IRQHandler
                0x08003d44                FPU_IRQHandler
                0x08003d44                OTG_HS_WKUP_IRQHandler
                0x08003d44                CAN2_SCE_IRQHandler
                0x08003d44                DMA2_Stream2_IRQHandler
                0x08003d44                SPI1_IRQHandler
                0x08003d44                TIM1_BRK_TIM9_IRQHandler
                0x08003d44                DCMI_IRQHandler
                0x08003d44                CAN2_RX0_IRQHandler
                0x08003d44                DMA2_Stream3_IRQHandler
                0x08003d44                USART6_IRQHandler
                0x08003d44                USART3_IRQHandler
                0x08003d44                CAN1_RX1_IRQHandler
                0x08003d44                UART5_IRQHandler
                0x08003d44                DMA2_Stream0_IRQHandler
                0x08003d44                TIM4_IRQHandler
                0x08003d44                I2C1_EV_IRQHandler
                0x08003d44                DMA1_Stream6_IRQHandler
                0x08003d44                DMA1_Stream1_IRQHandler
                0x08003d44                UART4_IRQHandler
                0x08003d44                TIM3_IRQHandler
                0x08003d44                RCC_IRQHandler
                0x08003d44                TIM8_BRK_TIM12_IRQHandler
                0x08003d44                Default_Handler
                0x08003d44                EXTI15_10_IRQHandler
                0x08003d44                ADC_IRQHandler
                0x08003d44                DMA1_Stream7_IRQHandler
                0x08003d44                TIM7_IRQHandler
                0x08003d44                CAN2_TX_IRQHandler
                0x08003d44                TIM5_IRQHandler
                0x08003d44                DMA2_Stream7_IRQHandler
                0x08003d44                I2C3_EV_IRQHandler
                0x08003d44                EXTI9_5_IRQHandler
                0x08003d44                RTC_WKUP_IRQHandler
                0x08003d44                ETH_WKUP_IRQHandler
                0x08003d44                SPI2_IRQHandler
                0x08003d44                OTG_HS_EP1_IN_IRQHandler
                0x08003d44                DMA1_Stream0_IRQHandler
                0x08003d44                CAN1_TX_IRQHandler
                0x08003d44                EXTI4_IRQHandler
                0x08003d44                FSMC_IRQHandler
                0x08003d44                ETH_IRQHandler
                0x08003d44                OTG_HS_EP1_OUT_IRQHandler
                0x08003d44                WWDG_IRQHandler
                0x08003d44                TIM2_IRQHandler
                0x08003d44                OTG_FS_WKUP_IRQHandler
                0x08003d44                TIM1_TRG_COM_TIM11_IRQHandler
                0x08003d44                OTG_HS_IRQHandler
                0x08003d44                EXTI1_IRQHandler
                0x08003d44                USART2_IRQHandler
                0x08003d44                I2C2_ER_IRQHandler
                0x08003d44                DMA2_Stream1_IRQHandler
                0x08003d44                CAN1_SCE_IRQHandler
                0x08003d44                FLASH_IRQHandler
                0x08003d44                DMA2_Stream4_IRQHandler
                0x08003d44                USART1_IRQHandler
                0x08003d44                OTG_FS_IRQHandler
                0x08003d44                SPI3_IRQHandler
                0x08003d44                DMA1_Stream4_IRQHandler
                0x08003d44                I2C1_ER_IRQHandler
                0x08003d44                DMA2_Stream6_IRQHandler
                0x08003d44                DMA1_Stream3_IRQHandler
 *fill*         0x08003d46        0x2 
 .text.__libc_init_array
                0x08003d48       0x48 c:/program files (x86)/gnu arm embedded toolchain/10 2020-q4-major/bin/../lib/gcc/arm-none-eabi/10.2.1/../../../../arm-none-eabi/lib/thumb/v7e-m+fp/hard\libg.a(lib_a-init.o)
                0x08003d48                __libc_init_array
 .text.memset   0x08003d90       0xa4 c:/program files (x86)/gnu arm embedded toolchain/10 2020-q4-major/bin/../lib/gcc/arm-none-eabi/10.2.1/../../../../arm-none-eabi/lib/thumb/v7e-m+fp/hard\libg.a(lib_a-memset.o)
                0x08003d90                memset
 .text.startup.register_fini
                0x08003e34       0x14 c:/program files (x86)/gnu arm embedded toolchain/10 2020-q4-major/bin/../lib/gcc/arm-none-eabi/10.2.1/../../../../arm-none-eabi/lib/thumb/v7e-m+fp/hard\libg.a(lib_a-__call_atexit.o)
 .text.atexit   0x08003e48        0xc c:/program files (x86)/gnu arm embedded toolchain/10 2020-q4-major/bin/../lib/gcc/arm-none-eabi/10.2.1/../../../../arm-none-eabi/lib/thumb/v7e-m+fp/hard\libg.a(lib_a-atexit.o)
                0x08003e48                atexit
 .text.__libc_fini_array
                0x08003e54       0x2c c:/program files (x86)/gnu arm embedded toolchain/10 2020-q4-major/bin/../lib/gcc/arm-none-eabi/10.2.1/../../../../arm-none-eabi/lib/thumb/v7e-m+fp/hard\libg.a(lib_a-fini.o)
                0x08003e54                __libc_fini_array
 .text.__retarget_lock_acquire_recursive
                0x08003e80        0x4 c:/program files (x86)/gnu arm embedded toolchain/10 2020-q4-major/bin/../lib/gcc/arm-none-eabi/10.2.1/../../../../arm-none-eabi/lib/thumb/v7e-m+fp/hard\libg.a(lib_a-lock.o)
                0x08003e80                __retarget_lock_acquire_recursive
 .text.__retarget_lock_release_recursive
                0x08003e84        0x4 c:/program files (x86)/gnu arm embedded toolchain/10 2020-q4-major/bin/../lib/gcc/arm-none-eabi/10.2.1/../../../../arm-none-eabi/lib/thumb/v7e-m+fp/hard\libg.a(lib_a-lock.o)
                0x08003e84                __retarget_lock_release_recursive
 .text.__register_exitproc
                0x08003e88       0x8c c:/program files (x86)/gnu arm embedded toolchain/10 2020-q4-major/bin/../lib/gcc/arm-none-eabi/10.2.1/../../../../arm-none-eabi/lib/thumb/v7e-m+fp/hard\libg.a(lib_a-__atexit.o)
                0x08003e88                __register_exitproc
 *(.glue_7)
 .glue_7        0x08003f14        0x0 linker stubs
 *(.glue_7t)
 .glue_7t       0x08003f14        0x0 linker stubs
 *(.eh_frame)
 .eh_frame      0x08003f14        0x0 c:/program files (x86)/gnu arm embedded toolchain/10 2020-q4-major/bin/../lib/gcc/arm-none-eabi/10.2.1/thumb/v7e-m+fp/hard/crtbegin.o
 *(.init)
 .init          0x08003f14        0x4 c:/program files (x86)/gnu arm embedded toolchain/10 2020-q4-major/bin/../lib/gcc/arm-none-eabi/10.2.1/thumb/v7e-m+fp/hard/crti.o
                0x08003f14                _init
 .init          0x08003f18        0x8 c:/program files (x86)/gnu arm embedded toolchain/10 2020-q4-major/bin/../lib/gcc/arm-none-eabi/10.2.1/thumb/v7e-m+fp/hard/crtn.o
 *(.fini)
 .fini          0x08003f20        0x4 c:/program files (x86)/gnu arm embedded toolchain/10 2020-q4-major/bin/../lib/gcc/arm-none-eabi/10.2.1/thumb/v7e-m+fp/hard/crti.o
                0x08003f20                _fini
 .fini          0x08003f24        0x8 c:/program files (x86)/gnu arm embedded toolchain/10 2020-q4-major/bin/../lib/gcc/arm-none-eabi/10.2.1/thumb/v7e-m+fp/hard/crtn.o
                0x08003f2c                . = ALIGN (0x4)
                0x08003f2c                _etext = .

.vfp11_veneer   0x08003f2c        0x0
 .vfp11_veneer  0x08003f2c        0x0 linker stubs

.v4_bx          0x08003f2c        0x0
 .v4_bx         0x08003f2c        0x0 linker stubs

.iplt           0x08003f2c        0x0
 .iplt          0x08003f2c        0x0 c:/program files (x86)/gnu arm embedded toolchain/10 2020-q4-major/bin/../lib/gcc/arm-none-eabi/10.2.1/thumb/v7e-m+fp/hard/crtbegin.o

.rodata         0x08003f2c       0x4c
                0x08003f2c                . = ALIGN (0x4)
 *(.rodata)
 .rodata        0x08003f2c       0x1c CMakeFiles/untitled3.elf.dir/Core/Src/freertos.c.obj
 *(.rodata*)
 .rodata.str1.4
                0x08003f48        0xc CMakeFiles/untitled3.elf.dir/Core/Src/freertos.c.obj
 .rodata.AHBPrescTable
                0x08003f54       0x10 CMakeFiles/untitled3.elf.dir/Core/Src/system_stm32f4xx.c.obj
                0x08003f54                AHBPrescTable
 .rodata.APBPrescTable
                0x08003f64        0x8 CMakeFiles/untitled3.elf.dir/Core/Src/system_stm32f4xx.c.obj
                0x08003f64                APBPrescTable
 .rodata.vTaskStartScheduler.str1.4
                0x08003f6c        0x5 CMakeFiles/untitled3.elf.dir/Middlewares/Third_Party/FreeRTOS/Source/tasks.c.obj
 *fill*         0x08003f71        0x3 
 .rodata._global_impure_ptr
                0x08003f74        0x4 c:/program files (x86)/gnu arm embedded toolchain/10 2020-q4-major/bin/../lib/gcc/arm-none-eabi/10.2.1/../../../../arm-none-eabi/lib/thumb/v7e-m+fp/hard\libg.a(lib_a-impure.o)
                0x08003f74                _global_impure_ptr
                0x08003f78                . = ALIGN (0x4)

.ARM.extab
 *(.ARM.extab* .gnu.linkonce.armextab.*)

.ARM            0x08003f78        0x8
                0x08003f78                __exidx_start = .
 *(.ARM.exidx*)
 .ARM.exidx     0x08003f78        0x8 c:/program files (x86)/gnu arm embedded toolchain/10 2020-q4-major/bin/../lib/gcc/arm-none-eabi/10.2.1/thumb/v7e-m+fp/hard\libgcc.a(_udivmoddi4.o)
                0x08003f80                __exidx_end = .

.rel.dyn        0x08003f80        0x0
 .rel.iplt      0x08003f80        0x0 c:/program files (x86)/gnu arm embedded toolchain/10 2020-q4-major/bin/../lib/gcc/arm-none-eabi/10.2.1/thumb/v7e-m+fp/hard/crtbegin.o

.preinit_array  0x08003f80        0x0
                0x08003f80                PROVIDE (__preinit_array_start = .)
 *(.preinit_array*)
                0x08003f80                PROVIDE (__preinit_array_end = .)

.init_array     0x08003f80        0x8
                0x08003f80                PROVIDE (__init_array_start = .)
 *(SORT_BY_NAME(.init_array.*))
 .init_array.00000
                0x08003f80        0x4 c:/program files (x86)/gnu arm embedded toolchain/10 2020-q4-major/bin/../lib/gcc/arm-none-eabi/10.2.1/../../../../arm-none-eabi/lib/thumb/v7e-m+fp/hard\libg.a(lib_a-__call_atexit.o)
 *(.init_array*)
 .init_array    0x08003f84        0x4 c:/program files (x86)/gnu arm embedded toolchain/10 2020-q4-major/bin/../lib/gcc/arm-none-eabi/10.2.1/thumb/v7e-m+fp/hard/crtbegin.o
                0x08003f88                PROVIDE (__init_array_end = .)

.fini_array     0x08003f88        0x4
                0x08003f88                PROVIDE (__fini_array_start = .)
 *(SORT_BY_NAME(.fini_array.*))
 *(.fini_array*)
 .fini_array    0x08003f88        0x4 c:/program files (x86)/gnu arm embedded toolchain/10 2020-q4-major/bin/../lib/gcc/arm-none-eabi/10.2.1/thumb/v7e-m+fp/hard/crtbegin.o
                0x08003f8c                PROVIDE (__fini_array_end = .)
                0x08003f8c                _sidata = LOADADDR (.data)

.data           0x20000000      0x43c load address 0x08003f8c
                0x20000000                . = ALIGN (0x4)
                0x20000000                _sdata = .
 *(.data)
 *(.data*)
 .data.SystemCoreClock
                0x20000000        0x4 CMakeFiles/untitled3.elf.dir/Core/Src/system_stm32f4xx.c.obj
                0x20000000                SystemCoreClock
 .data.uwTickFreq
                0x20000004        0x1 CMakeFiles/untitled3.elf.dir/Drivers/STM32F4xx_HAL_Driver/Src/stm32f4xx_hal.c.obj
                0x20000004                uwTickFreq
 *fill*         0x20000005        0x3 
 .data.uwTickPrio
                0x20000008        0x4 CMakeFiles/untitled3.elf.dir/Drivers/STM32F4xx_HAL_Driver/Src/stm32f4xx_hal.c.obj
                0x20000008                uwTickPrio
 .data.uxCriticalNesting
                0x2000000c        0x4 CMakeFiles/untitled3.elf.dir/Middlewares/Third_Party/FreeRTOS/Source/portable/GCC/ARM_CM4F/port.c.obj
 .data.impure_data
                0x20000010      0x428 c:/program files (x86)/gnu arm embedded toolchain/10 2020-q4-major/bin/../lib/gcc/arm-none-eabi/10.2.1/../../../../arm-none-eabi/lib/thumb/v7e-m+fp/hard\libg.a(lib_a-impure.o)
 .data.__atexit_recursive_mutex
                0x20000438        0x4 c:/program files (x86)/gnu arm embedded toolchain/10 2020-q4-major/bin/../lib/gcc/arm-none-eabi/10.2.1/../../../../arm-none-eabi/lib/thumb/v7e-m+fp/hard\libg.a(lib_a-__call_atexit.o)
                0x20000438                __atexit_recursive_mutex
                0x2000043c                . = ALIGN (0x4)
                0x2000043c                _edata = .
                0x080043c8                _siccmram = LOADADDR (.ccmram)

.igot.plt       0x2000043c        0x0 load address 0x080043c8
 .igot.plt      0x2000043c        0x0 c:/program files (x86)/gnu arm embedded toolchain/10 2020-q4-major/bin/../lib/gcc/arm-none-eabi/10.2.1/thumb/v7e-m+fp/hard/crtbegin.o

.ccmram         0x10000000        0x0 load address 0x080043c8
                0x10000000                . = ALIGN (0x4)
                0x10000000                _sccmram = .
 *(.ccmram)
 *(.ccmram*)
                0x10000000                . = ALIGN (0x4)
                0x10000000                _eccmram = .
                0x10000000                . = ALIGN (0x4)

.bss            0x2000043c     0x43bc
                0x2000043c                _sbss = .
                0x2000043c                __bss_start__ = _sbss
 *(.bss)
 .bss           0x2000043c       0x1c c:/program files (x86)/gnu arm embedded toolchain/10 2020-q4-major/bin/../lib/gcc/arm-none-eabi/10.2.1/thumb/v7e-m+fp/hard/crtbegin.o
 *(.bss*)
 .bss.hadc1     0x20000458       0x48 CMakeFiles/untitled3.elf.dir/Core/Src/adc.c.obj
                0x20000458                hadc1
 .bss.hcrc      0x200004a0        0x8 CMakeFiles/untitled3.elf.dir/Core/Src/crc.c.obj
                0x200004a0                hcrc
 .bss.defaultTaskHandle
                0x200004a8        0x4 CMakeFiles/untitled3.elf.dir/Core/Src/freertos.c.obj
                0x200004a8                defaultTaskHandle
 .bss.xIdleStack
                0x200004ac      0x200 CMakeFiles/untitled3.elf.dir/Core/Src/freertos.c.obj
 .bss.xIdleTaskTCBBuffer
                0x200006ac       0x54 CMakeFiles/untitled3.elf.dir/Core/Src/freertos.c.obj
 .bss.FSMC_Initialized
                0x20000700        0x4 CMakeFiles/untitled3.elf.dir/Core/Src/fsmc.c.obj
 .bss.hsram1    0x20000704       0x50 CMakeFiles/untitled3.elf.dir/Core/Src/fsmc.c.obj
                0x20000704                hsram1
 .bss.hi2c2     0x20000754       0x54 CMakeFiles/untitled3.elf.dir/Core/Src/i2c.c.obj
                0x20000754                hi2c2
 .bss.hiwdg     0x200007a8        0xc CMakeFiles/untitled3.elf.dir/Core/Src/iwdg.c.obj
                0x200007a8                hiwdg
 .bss.hspi1     0x200007b4       0x58 CMakeFiles/untitled3.elf.dir/Core/Src/spi.c.obj
                0x200007b4                hspi1
 .bss.hspi2     0x2000080c       0x58 CMakeFiles/untitled3.elf.dir/Core/Src/spi.c.obj
                0x2000080c                hspi2
 .bss.htim6     0x20000864       0x40 CMakeFiles/untitled3.elf.dir/Core/Src/stm32f4xx_hal_timebase_tim.c.obj
                0x20000864                htim6
 .bss.htim1     0x200008a4       0x40 CMakeFiles/untitled3.elf.dir/Core/Src/tim.c.obj
                0x200008a4                htim1
 .bss.htim2     0x200008e4       0x40 CMakeFiles/untitled3.elf.dir/Core/Src/tim.c.obj
                0x200008e4                htim2
 .bss.htim4     0x20000924       0x40 CMakeFiles/untitled3.elf.dir/Core/Src/tim.c.obj
                0x20000924                htim4
 .bss.htim8     0x20000964       0x40 CMakeFiles/untitled3.elf.dir/Core/Src/tim.c.obj
                0x20000964                htim8
 .bss.huart1    0x200009a4       0x40 CMakeFiles/untitled3.elf.dir/Core/Src/usart.c.obj
                0x200009a4                huart1
 .bss.huart3    0x200009e4       0x40 CMakeFiles/untitled3.elf.dir/Core/Src/usart.c.obj
                0x200009e4                huart3
 .bss.huart4    0x20000a24       0x40 CMakeFiles/untitled3.elf.dir/Core/Src/usart.c.obj
                0x20000a24                huart4
 .bss.huart5    0x20000a64       0x40 CMakeFiles/untitled3.elf.dir/Core/Src/usart.c.obj
                0x20000a64                huart5
 .bss.uwTick    0x20000aa4        0x4 CMakeFiles/untitled3.elf.dir/Drivers/STM32F4xx_HAL_Driver/Src/stm32f4xx_hal.c.obj
                0x20000aa4                uwTick
 .bss.ucMaxSysCallPriority
                0x20000aa8        0x1 CMakeFiles/untitled3.elf.dir/Middlewares/Third_Party/FreeRTOS/Source/portable/GCC/ARM_CM4F/port.c.obj
 *fill*         0x20000aa9        0x3 
 .bss.ulMaxPRIGROUPValue
                0x20000aac        0x4 CMakeFiles/untitled3.elf.dir/Middlewares/Third_Party/FreeRTOS/Source/portable/GCC/ARM_CM4F/port.c.obj
 .bss.pxEnd     0x20000ab0        0x4 CMakeFiles/untitled3.elf.dir/Middlewares/Third_Party/FreeRTOS/Source/portable/MemMang/heap_4.c.obj
 .bss.ucHeap    0x20000ab4     0x3c00 CMakeFiles/untitled3.elf.dir/Middlewares/Third_Party/FreeRTOS/Source/portable/MemMang/heap_4.c.obj
 .bss.xBlockAllocatedBit
                0x200046b4        0x4 CMakeFiles/untitled3.elf.dir/Middlewares/Third_Party/FreeRTOS/Source/portable/MemMang/heap_4.c.obj
 .bss.xFreeBytesRemaining
                0x200046b8        0x4 CMakeFiles/untitled3.elf.dir/Middlewares/Third_Party/FreeRTOS/Source/portable/MemMang/heap_4.c.obj
 .bss.xMinimumEverFreeBytesRemaining
                0x200046bc        0x4 CMakeFiles/untitled3.elf.dir/Middlewares/Third_Party/FreeRTOS/Source/portable/MemMang/heap_4.c.obj
 .bss.xStart    0x200046c0        0x8 CMakeFiles/untitled3.elf.dir/Middlewares/Third_Party/FreeRTOS/Source/portable/MemMang/heap_4.c.obj
 .bss.pxCurrentTCB
                0x200046c8        0x4 CMakeFiles/untitled3.elf.dir/Middlewares/Third_Party/FreeRTOS/Source/tasks.c.obj
                0x200046c8                pxCurrentTCB
 .bss.pxDelayedTaskList
                0x200046cc        0x4 CMakeFiles/untitled3.elf.dir/Middlewares/Third_Party/FreeRTOS/Source/tasks.c.obj
 .bss.pxOverflowDelayedTaskList
                0x200046d0        0x4 CMakeFiles/untitled3.elf.dir/Middlewares/Third_Party/FreeRTOS/Source/tasks.c.obj
 .bss.pxReadyTasksLists
                0x200046d4       0x8c CMakeFiles/untitled3.elf.dir/Middlewares/Third_Party/FreeRTOS/Source/tasks.c.obj
 .bss.uxCurrentNumberOfTasks
                0x20004760        0x4 CMakeFiles/untitled3.elf.dir/Middlewares/Third_Party/FreeRTOS/Source/tasks.c.obj
 .bss.uxDeletedTasksWaitingCleanUp
                0x20004764        0x4 CMakeFiles/untitled3.elf.dir/Middlewares/Third_Party/FreeRTOS/Source/tasks.c.obj
 .bss.uxPendedTicks
                0x20004768        0x4 CMakeFiles/untitled3.elf.dir/Middlewares/Third_Party/FreeRTOS/Source/tasks.c.obj
 .bss.uxSchedulerSuspended
                0x2000476c        0x4 CMakeFiles/untitled3.elf.dir/Middlewares/Third_Party/FreeRTOS/Source/tasks.c.obj
 .bss.uxTaskNumber
                0x20004770        0x4 CMakeFiles/untitled3.elf.dir/Middlewares/Third_Party/FreeRTOS/Source/tasks.c.obj
 .bss.uxTopReadyPriority
                0x20004774        0x4 CMakeFiles/untitled3.elf.dir/Middlewares/Third_Party/FreeRTOS/Source/tasks.c.obj
 .bss.xDelayedTaskList1
                0x20004778       0x14 CMakeFiles/untitled3.elf.dir/Middlewares/Third_Party/FreeRTOS/Source/tasks.c.obj
 .bss.xDelayedTaskList2
                0x2000478c       0x14 CMakeFiles/untitled3.elf.dir/Middlewares/Third_Party/FreeRTOS/Source/tasks.c.obj
 .bss.xIdleTaskHandle
                0x200047a0        0x4 CMakeFiles/untitled3.elf.dir/Middlewares/Third_Party/FreeRTOS/Source/tasks.c.obj
 .bss.xNextTaskUnblockTime
                0x200047a4        0x4 CMakeFiles/untitled3.elf.dir/Middlewares/Third_Party/FreeRTOS/Source/tasks.c.obj
 .bss.xNumOfOverflows
                0x200047a8        0x4 CMakeFiles/untitled3.elf.dir/Middlewares/Third_Party/FreeRTOS/Source/tasks.c.obj
 .bss.xPendingReadyList
                0x200047ac       0x14 CMakeFiles/untitled3.elf.dir/Middlewares/Third_Party/FreeRTOS/Source/tasks.c.obj
 .bss.xSchedulerRunning
                0x200047c0        0x4 CMakeFiles/untitled3.elf.dir/Middlewares/Third_Party/FreeRTOS/Source/tasks.c.obj
 .bss.xSuspendedTaskList
                0x200047c4       0x14 CMakeFiles/untitled3.elf.dir/Middlewares/Third_Party/FreeRTOS/Source/tasks.c.obj
 .bss.xTasksWaitingTermination
                0x200047d8       0x14 CMakeFiles/untitled3.elf.dir/Middlewares/Third_Party/FreeRTOS/Source/tasks.c.obj
 .bss.xTickCount
                0x200047ec        0x4 CMakeFiles/untitled3.elf.dir/Middlewares/Third_Party/FreeRTOS/Source/tasks.c.obj
 .bss.xYieldPending
                0x200047f0        0x4 CMakeFiles/untitled3.elf.dir/Middlewares/Third_Party/FreeRTOS/Source/tasks.c.obj
 .bss.__lock___atexit_recursive_mutex
                0x200047f4        0x1 c:/program files (x86)/gnu arm embedded toolchain/10 2020-q4-major/bin/../lib/gcc/arm-none-eabi/10.2.1/../../../../arm-none-eabi/lib/thumb/v7e-m+fp/hard\libg.a(lib_a-lock.o)
                0x200047f4                __lock___atexit_recursive_mutex
 *(COMMON)
                0x200047f8                . = ALIGN (0x4)
 *fill*         0x200047f5        0x3 
                0x200047f8                _ebss = .
                0x200047f8                __bss_end__ = _ebss

._user_heap_stack
                0x200047f8      0x600
                0x200047f8                . = ALIGN (0x8)
                [!provide]                PROVIDE (end = .)
                [!provide]                PROVIDE (_end = .)
                0x200049f8                . = (. + _Min_Heap_Size)
 *fill*         0x200047f8      0x200 
                0x20004df8                . = (. + _Min_Stack_Size)
 *fill*         0x200049f8      0x400 
                0x20004df8                . = ALIGN (0x8)

/DISCARD/
 libc.a(*)
 libm.a(*)
 libgcc.a(*)

.ARM.attributes
                0x00000000       0x30
 *(.ARM.attributes)
 .ARM.attributes
                0x00000000       0x1e c:/program files (x86)/gnu arm embedded toolchain/10 2020-q4-major/bin/../lib/gcc/arm-none-eabi/10.2.1/thumb/v7e-m+fp/hard/crti.o
 .ARM.attributes
                0x0000001e       0x34 c:/program files (x86)/gnu arm embedded toolchain/10 2020-q4-major/bin/../lib/gcc/arm-none-eabi/10.2.1/thumb/v7e-m+fp/hard/crtbegin.o
 .ARM.attributes
                0x00000052       0x34 CMakeFiles/untitled3.elf.dir/Core/Src/adc.c.obj
 .ARM.attributes
                0x00000086       0x34 CMakeFiles/untitled3.elf.dir/Core/Src/crc.c.obj
 .ARM.attributes
                0x000000ba       0x34 CMakeFiles/untitled3.elf.dir/Core/Src/freertos.c.obj
 .ARM.attributes
                0x000000ee       0x34 CMakeFiles/untitled3.elf.dir/Core/Src/fsmc.c.obj
 .ARM.attributes
                0x00000122       0x34 CMakeFiles/untitled3.elf.dir/Core/Src/gpio.c.obj
 .ARM.attributes
                0x00000156       0x34 CMakeFiles/untitled3.elf.dir/Core/Src/i2c.c.obj
 .ARM.attributes
                0x0000018a       0x34 CMakeFiles/untitled3.elf.dir/Core/Src/iwdg.c.obj
 .ARM.attributes
                0x000001be       0x34 CMakeFiles/untitled3.elf.dir/Core/Src/main.c.obj
 .ARM.attributes
                0x000001f2       0x34 CMakeFiles/untitled3.elf.dir/Core/Src/spi.c.obj
 .ARM.attributes
                0x00000226       0x34 CMakeFiles/untitled3.elf.dir/Core/Src/stm32f4xx_hal_msp.c.obj
 .ARM.attributes
                0x0000025a       0x34 CMakeFiles/untitled3.elf.dir/Core/Src/stm32f4xx_hal_timebase_tim.c.obj
 .ARM.attributes
                0x0000028e       0x34 CMakeFiles/untitled3.elf.dir/Core/Src/stm32f4xx_it.c.obj
 .ARM.attributes
                0x000002c2       0x34 CMakeFiles/untitled3.elf.dir/Core/Src/system_stm32f4xx.c.obj
 .ARM.attributes
                0x000002f6       0x34 CMakeFiles/untitled3.elf.dir/Core/Src/tim.c.obj
 .ARM.attributes
                0x0000032a       0x34 CMakeFiles/untitled3.elf.dir/Core/Src/usart.c.obj
 .ARM.attributes
                0x0000035e       0x34 CMakeFiles/untitled3.elf.dir/Drivers/STM32F4xx_HAL_Driver/Src/stm32f4xx_hal.c.obj
 .ARM.attributes
                0x00000392       0x34 CMakeFiles/untitled3.elf.dir/Drivers/STM32F4xx_HAL_Driver/Src/stm32f4xx_hal_adc.c.obj
 .ARM.attributes
                0x000003c6       0x34 CMakeFiles/untitled3.elf.dir/Drivers/STM32F4xx_HAL_Driver/Src/stm32f4xx_hal_cortex.c.obj
 .ARM.attributes
                0x000003fa       0x34 CMakeFiles/untitled3.elf.dir/Drivers/STM32F4xx_HAL_Driver/Src/stm32f4xx_hal_crc.c.obj
 .ARM.attributes
                0x0000042e       0x34 CMakeFiles/untitled3.elf.dir/Drivers/STM32F4xx_HAL_Driver/Src/stm32f4xx_hal_gpio.c.obj
 .ARM.attributes
                0x00000462       0x34 CMakeFiles/untitled3.elf.dir/Drivers/STM32F4xx_HAL_Driver/Src/stm32f4xx_hal_i2c.c.obj
 .ARM.attributes
                0x00000496       0x34 CMakeFiles/untitled3.elf.dir/Drivers/STM32F4xx_HAL_Driver/Src/stm32f4xx_hal_iwdg.c.obj
 .ARM.attributes
                0x000004ca       0x34 CMakeFiles/untitled3.elf.dir/Drivers/STM32F4xx_HAL_Driver/Src/stm32f4xx_hal_rcc.c.obj
 .ARM.attributes
                0x000004fe       0x34 CMakeFiles/untitled3.elf.dir/Drivers/STM32F4xx_HAL_Driver/Src/stm32f4xx_hal_spi.c.obj
 .ARM.attributes
                0x00000532       0x34 CMakeFiles/untitled3.elf.dir/Drivers/STM32F4xx_HAL_Driver/Src/stm32f4xx_hal_sram.c.obj
 .ARM.attributes
                0x00000566       0x34 CMakeFiles/untitled3.elf.dir/Drivers/STM32F4xx_HAL_Driver/Src/stm32f4xx_hal_tim.c.obj
 .ARM.attributes
                0x0000059a       0x34 CMakeFiles/untitled3.elf.dir/Drivers/STM32F4xx_HAL_Driver/Src/stm32f4xx_hal_tim_ex.c.obj
 .ARM.attributes
                0x000005ce       0x34 CMakeFiles/untitled3.elf.dir/Drivers/STM32F4xx_HAL_Driver/Src/stm32f4xx_hal_uart.c.obj
 .ARM.attributes
                0x00000602       0x34 CMakeFiles/untitled3.elf.dir/Drivers/STM32F4xx_HAL_Driver/Src/stm32f4xx_ll_fsmc.c.obj
 .ARM.attributes
                0x00000636       0x34 CMakeFiles/untitled3.elf.dir/Middlewares/Third_Party/FreeRTOS/Source/CMSIS_RTOS/cmsis_os.c.obj
 .ARM.attributes
                0x0000066a       0x34 CMakeFiles/untitled3.elf.dir/Middlewares/Third_Party/FreeRTOS/Source/list.c.obj
 .ARM.attributes
                0x0000069e       0x34 CMakeFiles/untitled3.elf.dir/Middlewares/Third_Party/FreeRTOS/Source/portable/GCC/ARM_CM4F/port.c.obj
 .ARM.attributes
                0x000006d2       0x34 CMakeFiles/untitled3.elf.dir/Middlewares/Third_Party/FreeRTOS/Source/portable/MemMang/heap_4.c.obj
 .ARM.attributes
                0x00000706       0x34 CMakeFiles/untitled3.elf.dir/Middlewares/Third_Party/FreeRTOS/Source/tasks.c.obj
 .ARM.attributes
                0x0000073a       0x21 CMakeFiles/untitled3.elf.dir/startup/startup_stm32f407xx.s.obj
 .ARM.attributes
                0x0000075b       0x1e c:/program files (x86)/gnu arm embedded toolchain/10 2020-q4-major/bin/../lib/gcc/arm-none-eabi/10.2.1/thumb/v7e-m+fp/hard\libgcc.a(_aeabi_uldivmod.o)
 .ARM.attributes
                0x00000779       0x34 c:/program files (x86)/gnu arm embedded toolchain/10 2020-q4-major/bin/../lib/gcc/arm-none-eabi/10.2.1/thumb/v7e-m+fp/hard\libgcc.a(_udivmoddi4.o)
 .ARM.attributes
                0x000007ad       0x1e c:/program files (x86)/gnu arm embedded toolchain/10 2020-q4-major/bin/../lib/gcc/arm-none-eabi/10.2.1/thumb/v7e-m+fp/hard\libgcc.a(_dvmd_tls.o)
 .ARM.attributes
                0x000007cb       0x32 c:/program files (x86)/gnu arm embedded toolchain/10 2020-q4-major/bin/../lib/gcc/arm-none-eabi/10.2.1/../../../../arm-none-eabi/lib/thumb/v7e-m+fp/hard\libg.a(lib_a-impure.o)
 .ARM.attributes
                0x000007fd       0x34 c:/program files (x86)/gnu arm embedded toolchain/10 2020-q4-major/bin/../lib/gcc/arm-none-eabi/10.2.1/../../../../arm-none-eabi/lib/thumb/v7e-m+fp/hard\libg.a(lib_a-init.o)
 .ARM.attributes
                0x00000831       0x34 c:/program files (x86)/gnu arm embedded toolchain/10 2020-q4-major/bin/../lib/gcc/arm-none-eabi/10.2.1/../../../../arm-none-eabi/lib/thumb/v7e-m+fp/hard\libg.a(lib_a-memset.o)
 .ARM.attributes
                0x00000865       0x34 c:/program files (x86)/gnu arm embedded toolchain/10 2020-q4-major/bin/../lib/gcc/arm-none-eabi/10.2.1/../../../../arm-none-eabi/lib/thumb/v7e-m+fp/hard\libg.a(lib_a-__call_atexit.o)
 .ARM.attributes
                0x00000899       0x34 c:/program files (x86)/gnu arm embedded toolchain/10 2020-q4-major/bin/../lib/gcc/arm-none-eabi/10.2.1/../../../../arm-none-eabi/lib/thumb/v7e-m+fp/hard\libg.a(lib_a-atexit.o)
 .ARM.attributes
                0x000008cd       0x34 c:/program files (x86)/gnu arm embedded toolchain/10 2020-q4-major/bin/../lib/gcc/arm-none-eabi/10.2.1/../../../../arm-none-eabi/lib/thumb/v7e-m+fp/hard\libg.a(lib_a-fini.o)
 .ARM.attributes
                0x00000901       0x34 c:/program files (x86)/gnu arm embedded toolchain/10 2020-q4-major/bin/../lib/gcc/arm-none-eabi/10.2.1/../../../../arm-none-eabi/lib/thumb/v7e-m+fp/hard\libg.a(lib_a-lock.o)
 .ARM.attributes
                0x00000935       0x34 c:/program files (x86)/gnu arm embedded toolchain/10 2020-q4-major/bin/../lib/gcc/arm-none-eabi/10.2.1/../../../../arm-none-eabi/lib/thumb/v7e-m+fp/hard\libg.a(lib_a-__atexit.o)
 .ARM.attributes
                0x00000969       0x1e c:/program files (x86)/gnu arm embedded toolchain/10 2020-q4-major/bin/../lib/gcc/arm-none-eabi/10.2.1/thumb/v7e-m+fp/hard/crtn.o
OUTPUT(untitled3.elf elf32-littlearm)
LOAD linker stubs
LOAD c:/program files (x86)/gnu arm embedded toolchain/10 2020-q4-major/bin/../lib/gcc/arm-none-eabi/10.2.1/../../../../arm-none-eabi/lib/thumb/v7e-m+fp/hard\libc.a
LOAD c:/program files (x86)/gnu arm embedded toolchain/10 2020-q4-major/bin/../lib/gcc/arm-none-eabi/10.2.1/../../../../arm-none-eabi/lib/thumb/v7e-m+fp/hard\libm.a
LOAD c:/program files (x86)/gnu arm embedded toolchain/10 2020-q4-major/bin/../lib/gcc/arm-none-eabi/10.2.1/thumb/v7e-m+fp/hard\libgcc.a

.debug_info     0x00000000    0x1f32c
 .debug_info    0x00000000      0xa65 CMakeFiles/untitled3.elf.dir/Core/Src/adc.c.obj
 .debug_info    0x00000a65      0x48d CMakeFiles/untitled3.elf.dir/Core/Src/crc.c.obj
 .debug_info    0x00000ef2      0x45c CMakeFiles/untitled3.elf.dir/Core/Src/freertos.c.obj
 .debug_info    0x0000134e      0xadc CMakeFiles/untitled3.elf.dir/Core/Src/fsmc.c.obj
 .debug_info    0x00001e2a      0x633 CMakeFiles/untitled3.elf.dir/Core/Src/gpio.c.obj
 .debug_info    0x0000245d      0xa50 CMakeFiles/untitled3.elf.dir/Core/Src/i2c.c.obj
 .debug_info    0x00002ead      0x1d3 CMakeFiles/untitled3.elf.dir/Core/Src/iwdg.c.obj
 .debug_info    0x00003080      0xc3f CMakeFiles/untitled3.elf.dir/Core/Src/main.c.obj
 .debug_info    0x00003cbf      0xb8c CMakeFiles/untitled3.elf.dir/Core/Src/spi.c.obj
 .debug_info    0x0000484b      0x4f8 CMakeFiles/untitled3.elf.dir/Core/Src/stm32f4xx_hal_msp.c.obj
 .debug_info    0x00004d43      0xbbb CMakeFiles/untitled3.elf.dir/Core/Src/stm32f4xx_hal_timebase_tim.c.obj
 .debug_info    0x000058fe      0x64f CMakeFiles/untitled3.elf.dir/Core/Src/stm32f4xx_it.c.obj
 .debug_info    0x00005f4d      0x538 CMakeFiles/untitled3.elf.dir/Core/Src/system_stm32f4xx.c.obj
 .debug_info    0x00006485     0x140e CMakeFiles/untitled3.elf.dir/Core/Src/tim.c.obj
 .debug_info    0x00007893      0xd00 CMakeFiles/untitled3.elf.dir/Core/Src/usart.c.obj
 .debug_info    0x00008593      0x9f0 CMakeFiles/untitled3.elf.dir/Drivers/STM32F4xx_HAL_Driver/Src/stm32f4xx_hal.c.obj
 .debug_info    0x00008f83      0xeb7 CMakeFiles/untitled3.elf.dir/Drivers/STM32F4xx_HAL_Driver/Src/stm32f4xx_hal_adc.c.obj
 .debug_info    0x00009e3a     0x1098 CMakeFiles/untitled3.elf.dir/Drivers/STM32F4xx_HAL_Driver/Src/stm32f4xx_hal_cortex.c.obj
 .debug_info    0x0000aed2      0x3e9 CMakeFiles/untitled3.elf.dir/Drivers/STM32F4xx_HAL_Driver/Src/stm32f4xx_hal_crc.c.obj
 .debug_info    0x0000b2bb      0x79b CMakeFiles/untitled3.elf.dir/Drivers/STM32F4xx_HAL_Driver/Src/stm32f4xx_hal_gpio.c.obj
 .debug_info    0x0000ba56     0x3911 CMakeFiles/untitled3.elf.dir/Drivers/STM32F4xx_HAL_Driver/Src/stm32f4xx_hal_i2c.c.obj
 .debug_info    0x0000f367      0x20c CMakeFiles/untitled3.elf.dir/Drivers/STM32F4xx_HAL_Driver/Src/stm32f4xx_hal_iwdg.c.obj
 .debug_info    0x0000f573      0xb03 CMakeFiles/untitled3.elf.dir/Drivers/STM32F4xx_HAL_Driver/Src/stm32f4xx_hal_rcc.c.obj
 .debug_info    0x00010076     0x1e35 CMakeFiles/untitled3.elf.dir/Drivers/STM32F4xx_HAL_Driver/Src/stm32f4xx_hal_spi.c.obj
 .debug_info    0x00011eab      0xcba CMakeFiles/untitled3.elf.dir/Drivers/STM32F4xx_HAL_Driver/Src/stm32f4xx_hal_sram.c.obj
 .debug_info    0x00012b65     0x35d9 CMakeFiles/untitled3.elf.dir/Drivers/STM32F4xx_HAL_Driver/Src/stm32f4xx_hal_tim.c.obj
 .debug_info    0x0001613e     0x160b CMakeFiles/untitled3.elf.dir/Drivers/STM32F4xx_HAL_Driver/Src/stm32f4xx_hal_tim_ex.c.obj
 .debug_info    0x00017749     0x1906 CMakeFiles/untitled3.elf.dir/Drivers/STM32F4xx_HAL_Driver/Src/stm32f4xx_hal_uart.c.obj
 .debug_info    0x0001904f      0xb41 CMakeFiles/untitled3.elf.dir/Drivers/STM32F4xx_HAL_Driver/Src/stm32f4xx_ll_fsmc.c.obj
 .debug_info    0x00019b90     0x222b CMakeFiles/untitled3.elf.dir/Middlewares/Third_Party/FreeRTOS/Source/CMSIS_RTOS/cmsis_os.c.obj
 .debug_info    0x0001bdbb      0x2e0 CMakeFiles/untitled3.elf.dir/Middlewares/Third_Party/FreeRTOS/Source/list.c.obj
 .debug_info    0x0001c09b      0x587 CMakeFiles/untitled3.elf.dir/Middlewares/Third_Party/FreeRTOS/Source/portable/GCC/ARM_CM4F/port.c.obj
 .debug_info    0x0001c622      0x471 CMakeFiles/untitled3.elf.dir/Middlewares/Third_Party/FreeRTOS/Source/portable/MemMang/heap_4.c.obj
 .debug_info    0x0001ca93     0x2877 CMakeFiles/untitled3.elf.dir/Middlewares/Third_Party/FreeRTOS/Source/tasks.c.obj
 .debug_info    0x0001f30a       0x22 CMakeFiles/untitled3.elf.dir/startup/startup_stm32f407xx.s.obj

.debug_abbrev   0x00000000     0x42e9
 .debug_abbrev  0x00000000      0x1d3 CMakeFiles/untitled3.elf.dir/Core/Src/adc.c.obj
 .debug_abbrev  0x000001d3      0x177 CMakeFiles/untitled3.elf.dir/Core/Src/crc.c.obj
 .debug_abbrev  0x0000034a      0x165 CMakeFiles/untitled3.elf.dir/Core/Src/freertos.c.obj
 .debug_abbrev  0x000004af      0x1da CMakeFiles/untitled3.elf.dir/Core/Src/fsmc.c.obj
 .debug_abbrev  0x00000689      0x14e CMakeFiles/untitled3.elf.dir/Core/Src/gpio.c.obj
 .debug_abbrev  0x000007d7      0x1d3 CMakeFiles/untitled3.elf.dir/Core/Src/i2c.c.obj
 .debug_abbrev  0x000009aa      0x129 CMakeFiles/untitled3.elf.dir/Core/Src/iwdg.c.obj
 .debug_abbrev  0x00000ad3      0x20f CMakeFiles/untitled3.elf.dir/Core/Src/main.c.obj
 .debug_abbrev  0x00000ce2      0x1d3 CMakeFiles/untitled3.elf.dir/Core/Src/spi.c.obj
 .debug_abbrev  0x00000eb5      0x119 CMakeFiles/untitled3.elf.dir/Core/Src/stm32f4xx_hal_msp.c.obj
 .debug_abbrev  0x00000fce      0x1ec CMakeFiles/untitled3.elf.dir/Core/Src/stm32f4xx_hal_timebase_tim.c.obj
 .debug_abbrev  0x000011ba      0x179 CMakeFiles/untitled3.elf.dir/Core/Src/stm32f4xx_it.c.obj
 .debug_abbrev  0x00001333      0x119 CMakeFiles/untitled3.elf.dir/Core/Src/system_stm32f4xx.c.obj
 .debug_abbrev  0x0000144c      0x238 CMakeFiles/untitled3.elf.dir/Core/Src/tim.c.obj
 .debug_abbrev  0x00001684      0x1d3 CMakeFiles/untitled3.elf.dir/Core/Src/usart.c.obj
 .debug_abbrev  0x00001857      0x206 CMakeFiles/untitled3.elf.dir/Drivers/STM32F4xx_HAL_Driver/Src/stm32f4xx_hal.c.obj
 .debug_abbrev  0x00001a5d      0x23a CMakeFiles/untitled3.elf.dir/Drivers/STM32F4xx_HAL_Driver/Src/stm32f4xx_hal_adc.c.obj
 .debug_abbrev  0x00001c97      0x36a CMakeFiles/untitled3.elf.dir/Drivers/STM32F4xx_HAL_Driver/Src/stm32f4xx_hal_cortex.c.obj
 .debug_abbrev  0x00002001      0x1c2 CMakeFiles/untitled3.elf.dir/Drivers/STM32F4xx_HAL_Driver/Src/stm32f4xx_hal_crc.c.obj
 .debug_abbrev  0x000021c3      0x1ef CMakeFiles/untitled3.elf.dir/Drivers/STM32F4xx_HAL_Driver/Src/stm32f4xx_hal_gpio.c.obj
 .debug_abbrev  0x000023b2      0x27f CMakeFiles/untitled3.elf.dir/Drivers/STM32F4xx_HAL_Driver/Src/stm32f4xx_hal_i2c.c.obj
 .debug_abbrev  0x00002631      0x118 CMakeFiles/untitled3.elf.dir/Drivers/STM32F4xx_HAL_Driver/Src/stm32f4xx_hal_iwdg.c.obj
 .debug_abbrev  0x00002749      0x28a CMakeFiles/untitled3.elf.dir/Drivers/STM32F4xx_HAL_Driver/Src/stm32f4xx_hal_rcc.c.obj
 .debug_abbrev  0x000029d3      0x24e CMakeFiles/untitled3.elf.dir/Drivers/STM32F4xx_HAL_Driver/Src/stm32f4xx_hal_spi.c.obj
 .debug_abbrev  0x00002c21      0x213 CMakeFiles/untitled3.elf.dir/Drivers/STM32F4xx_HAL_Driver/Src/stm32f4xx_hal_sram.c.obj
 .debug_abbrev  0x00002e34      0x22b CMakeFiles/untitled3.elf.dir/Drivers/STM32F4xx_HAL_Driver/Src/stm32f4xx_hal_tim.c.obj
 .debug_abbrev  0x0000305f      0x241 CMakeFiles/untitled3.elf.dir/Drivers/STM32F4xx_HAL_Driver/Src/stm32f4xx_hal_tim_ex.c.obj
 .debug_abbrev  0x000032a0      0x274 CMakeFiles/untitled3.elf.dir/Drivers/STM32F4xx_HAL_Driver/Src/stm32f4xx_hal_uart.c.obj
 .debug_abbrev  0x00003514      0x1ac CMakeFiles/untitled3.elf.dir/Drivers/STM32F4xx_HAL_Driver/Src/stm32f4xx_ll_fsmc.c.obj
 .debug_abbrev  0x000036c0      0x35b CMakeFiles/untitled3.elf.dir/Middlewares/Third_Party/FreeRTOS/Source/CMSIS_RTOS/cmsis_os.c.obj
 .debug_abbrev  0x00003a1b      0x106 CMakeFiles/untitled3.elf.dir/Middlewares/Third_Party/FreeRTOS/Source/list.c.obj
 .debug_abbrev  0x00003b21      0x26b CMakeFiles/untitled3.elf.dir/Middlewares/Third_Party/FreeRTOS/Source/portable/GCC/ARM_CM4F/port.c.obj
 .debug_abbrev  0x00003d8c      0x238 CMakeFiles/untitled3.elf.dir/Middlewares/Third_Party/FreeRTOS/Source/portable/MemMang/heap_4.c.obj
 .debug_abbrev  0x00003fc4      0x313 CMakeFiles/untitled3.elf.dir/Middlewares/Third_Party/FreeRTOS/Source/tasks.c.obj
 .debug_abbrev  0x000042d7       0x12 CMakeFiles/untitled3.elf.dir/startup/startup_stm32f407xx.s.obj

.debug_loc      0x00000000    0x1308c
 .debug_loc     0x00000000       0x84 CMakeFiles/untitled3.elf.dir/Core/Src/adc.c.obj
 .debug_loc     0x00000084       0x25 CMakeFiles/untitled3.elf.dir/Core/Src/freertos.c.obj
 .debug_loc     0x000000a9       0x4a CMakeFiles/untitled3.elf.dir/Core/Src/fsmc.c.obj
 .debug_loc     0x000000f3       0x67 CMakeFiles/untitled3.elf.dir/Core/Src/i2c.c.obj
 .debug_loc     0x0000015a       0x42 CMakeFiles/untitled3.elf.dir/Core/Src/main.c.obj
 .debug_loc     0x0000019c       0xbe CMakeFiles/untitled3.elf.dir/Core/Src/spi.c.obj
 .debug_loc     0x0000025a       0x78 CMakeFiles/untitled3.elf.dir/Core/Src/stm32f4xx_hal_timebase_tim.c.obj
 .debug_loc     0x000002d2      0x158 CMakeFiles/untitled3.elf.dir/Core/Src/system_stm32f4xx.c.obj
 .debug_loc     0x0000042a      0x19e CMakeFiles/untitled3.elf.dir/Core/Src/tim.c.obj
 .debug_loc     0x000005c8      0x132 CMakeFiles/untitled3.elf.dir/Core/Src/usart.c.obj
 .debug_loc     0x000006fa      0x141 CMakeFiles/untitled3.elf.dir/Drivers/STM32F4xx_HAL_Driver/Src/stm32f4xx_hal.c.obj
 .debug_loc     0x0000083b      0xb16 CMakeFiles/untitled3.elf.dir/Drivers/STM32F4xx_HAL_Driver/Src/stm32f4xx_hal_adc.c.obj
 .debug_loc     0x00001351      0x744 CMakeFiles/untitled3.elf.dir/Drivers/STM32F4xx_HAL_Driver/Src/stm32f4xx_hal_cortex.c.obj
 .debug_loc     0x00001a95      0x213 CMakeFiles/untitled3.elf.dir/Drivers/STM32F4xx_HAL_Driver/Src/stm32f4xx_hal_crc.c.obj
 .debug_loc     0x00001ca8      0x4ff CMakeFiles/untitled3.elf.dir/Drivers/STM32F4xx_HAL_Driver/Src/stm32f4xx_hal_gpio.c.obj
 .debug_loc     0x000021a7     0x3f8e CMakeFiles/untitled3.elf.dir/Drivers/STM32F4xx_HAL_Driver/Src/stm32f4xx_hal_i2c.c.obj
 .debug_loc     0x00006135       0x86 CMakeFiles/untitled3.elf.dir/Drivers/STM32F4xx_HAL_Driver/Src/stm32f4xx_hal_iwdg.c.obj
 .debug_loc     0x000061bb      0x58c CMakeFiles/untitled3.elf.dir/Drivers/STM32F4xx_HAL_Driver/Src/stm32f4xx_hal_rcc.c.obj
 .debug_loc     0x00006747     0x1d48 CMakeFiles/untitled3.elf.dir/Drivers/STM32F4xx_HAL_Driver/Src/stm32f4xx_hal_spi.c.obj
 .debug_loc     0x0000848f      0x975 CMakeFiles/untitled3.elf.dir/Drivers/STM32F4xx_HAL_Driver/Src/stm32f4xx_hal_sram.c.obj
 .debug_loc     0x00008e04     0x3b0c CMakeFiles/untitled3.elf.dir/Drivers/STM32F4xx_HAL_Driver/Src/stm32f4xx_hal_tim.c.obj
 .debug_loc     0x0000c910     0x115d CMakeFiles/untitled3.elf.dir/Drivers/STM32F4xx_HAL_Driver/Src/stm32f4xx_hal_tim_ex.c.obj
 .debug_loc     0x0000da6d     0x18b6 CMakeFiles/untitled3.elf.dir/Drivers/STM32F4xx_HAL_Driver/Src/stm32f4xx_hal_uart.c.obj
 .debug_loc     0x0000f323      0x7c1 CMakeFiles/untitled3.elf.dir/Drivers/STM32F4xx_HAL_Driver/Src/stm32f4xx_ll_fsmc.c.obj
 .debug_loc     0x0000fae4     0x12e6 CMakeFiles/untitled3.elf.dir/Middlewares/Third_Party/FreeRTOS/Source/CMSIS_RTOS/cmsis_os.c.obj
 .debug_loc     0x00010dca       0xad CMakeFiles/untitled3.elf.dir/Middlewares/Third_Party/FreeRTOS/Source/list.c.obj
 .debug_loc     0x00010e77      0x124 CMakeFiles/untitled3.elf.dir/Middlewares/Third_Party/FreeRTOS/Source/portable/GCC/ARM_CM4F/port.c.obj
 .debug_loc     0x00010f9b      0x331 CMakeFiles/untitled3.elf.dir/Middlewares/Third_Party/FreeRTOS/Source/portable/MemMang/heap_4.c.obj
 .debug_loc     0x000112cc     0x1dc0 CMakeFiles/untitled3.elf.dir/Middlewares/Third_Party/FreeRTOS/Source/tasks.c.obj

.debug_aranges  0x00000000     0x1830
 .debug_aranges
                0x00000000       0x30 CMakeFiles/untitled3.elf.dir/Core/Src/adc.c.obj
 .debug_aranges
                0x00000030       0x30 CMakeFiles/untitled3.elf.dir/Core/Src/crc.c.obj
 .debug_aranges
                0x00000060       0x30 CMakeFiles/untitled3.elf.dir/Core/Src/freertos.c.obj
 .debug_aranges
                0x00000090       0x40 CMakeFiles/untitled3.elf.dir/Core/Src/fsmc.c.obj
 .debug_aranges
                0x000000d0       0x20 CMakeFiles/untitled3.elf.dir/Core/Src/gpio.c.obj
 .debug_aranges
                0x000000f0       0x30 CMakeFiles/untitled3.elf.dir/Core/Src/i2c.c.obj
 .debug_aranges
                0x00000120       0x20 CMakeFiles/untitled3.elf.dir/Core/Src/iwdg.c.obj
 .debug_aranges
                0x00000140       0x38 CMakeFiles/untitled3.elf.dir/Core/Src/main.c.obj
 .debug_aranges
                0x00000178       0x38 CMakeFiles/untitled3.elf.dir/Core/Src/spi.c.obj
 .debug_aranges
                0x000001b0       0x20 CMakeFiles/untitled3.elf.dir/Core/Src/stm32f4xx_hal_msp.c.obj
 .debug_aranges
                0x000001d0       0x30 CMakeFiles/untitled3.elf.dir/Core/Src/stm32f4xx_hal_timebase_tim.c.obj
 .debug_aranges
                0x00000200       0x50 CMakeFiles/untitled3.elf.dir/Core/Src/stm32f4xx_it.c.obj
 .debug_aranges
                0x00000250       0x28 CMakeFiles/untitled3.elf.dir/Core/Src/system_stm32f4xx.c.obj
 .debug_aranges
                0x00000278       0x60 CMakeFiles/untitled3.elf.dir/Core/Src/tim.c.obj
 .debug_aranges
                0x000002d8       0x48 CMakeFiles/untitled3.elf.dir/Core/Src/usart.c.obj
 .debug_aranges
                0x00000320       0xf0 CMakeFiles/untitled3.elf.dir/Drivers/STM32F4xx_HAL_Driver/Src/stm32f4xx_hal.c.obj
 .debug_aranges
                0x00000410       0xe8 CMakeFiles/untitled3.elf.dir/Drivers/STM32F4xx_HAL_Driver/Src/stm32f4xx_hal_adc.c.obj
 .debug_aranges
                0x000004f8       0xa8 CMakeFiles/untitled3.elf.dir/Drivers/STM32F4xx_HAL_Driver/Src/stm32f4xx_hal_cortex.c.obj
 .debug_aranges
                0x000005a0       0x50 CMakeFiles/untitled3.elf.dir/Drivers/STM32F4xx_HAL_Driver/Src/stm32f4xx_hal_crc.c.obj
 .debug_aranges
                0x000005f0       0x58 CMakeFiles/untitled3.elf.dir/Drivers/STM32F4xx_HAL_Driver/Src/stm32f4xx_hal_gpio.c.obj
 .debug_aranges
                0x00000648      0x2a0 CMakeFiles/untitled3.elf.dir/Drivers/STM32F4xx_HAL_Driver/Src/stm32f4xx_hal_i2c.c.obj
 .debug_aranges
                0x000008e8       0x28 CMakeFiles/untitled3.elf.dir/Drivers/STM32F4xx_HAL_Driver/Src/stm32f4xx_hal_iwdg.c.obj
 .debug_aranges
                0x00000910       0x88 CMakeFiles/untitled3.elf.dir/Drivers/STM32F4xx_HAL_Driver/Src/stm32f4xx_hal_rcc.c.obj
 .debug_aranges
                0x00000998      0x1d0 CMakeFiles/untitled3.elf.dir/Drivers/STM32F4xx_HAL_Driver/Src/stm32f4xx_hal_spi.c.obj
 .debug_aranges
                0x00000b68       0xa0 CMakeFiles/untitled3.elf.dir/Drivers/STM32F4xx_HAL_Driver/Src/stm32f4xx_hal_sram.c.obj
 .debug_aranges
                0x00000c08      0x3a8 CMakeFiles/untitled3.elf.dir/Drivers/STM32F4xx_HAL_Driver/Src/stm32f4xx_hal_tim.c.obj
 .debug_aranges
                0x00000fb0      0x150 CMakeFiles/untitled3.elf.dir/Drivers/STM32F4xx_HAL_Driver/Src/stm32f4xx_hal_tim_ex.c.obj
 .debug_aranges
                0x00001100      0x1d0 CMakeFiles/untitled3.elf.dir/Drivers/STM32F4xx_HAL_Driver/Src/stm32f4xx_hal_uart.c.obj
 .debug_aranges
                0x000012d0       0xa8 CMakeFiles/untitled3.elf.dir/Drivers/STM32F4xx_HAL_Driver/Src/stm32f4xx_ll_fsmc.c.obj
 .debug_aranges
                0x00001378      0x1d8 CMakeFiles/untitled3.elf.dir/Middlewares/Third_Party/FreeRTOS/Source/CMSIS_RTOS/cmsis_os.c.obj
 .debug_aranges
                0x00001550       0x40 CMakeFiles/untitled3.elf.dir/Middlewares/Third_Party/FreeRTOS/Source/list.c.obj
 .debug_aranges
                0x00001590       0x80 CMakeFiles/untitled3.elf.dir/Middlewares/Third_Party/FreeRTOS/Source/portable/GCC/ARM_CM4F/port.c.obj
 .debug_aranges
                0x00001610       0x50 CMakeFiles/untitled3.elf.dir/Middlewares/Third_Party/FreeRTOS/Source/portable/MemMang/heap_4.c.obj
 .debug_aranges
                0x00001660      0x1a8 CMakeFiles/untitled3.elf.dir/Middlewares/Third_Party/FreeRTOS/Source/tasks.c.obj
 .debug_aranges
                0x00001808       0x28 CMakeFiles/untitled3.elf.dir/startup/startup_stm32f407xx.s.obj

.debug_ranges   0x00000000     0x1780
 .debug_ranges  0x00000000       0x20 CMakeFiles/untitled3.elf.dir/Core/Src/adc.c.obj
 .debug_ranges  0x00000020       0x20 CMakeFiles/untitled3.elf.dir/Core/Src/crc.c.obj
 .debug_ranges  0x00000040       0x20 CMakeFiles/untitled3.elf.dir/Core/Src/freertos.c.obj
 .debug_ranges  0x00000060       0x30 CMakeFiles/untitled3.elf.dir/Core/Src/fsmc.c.obj
 .debug_ranges  0x00000090       0x10 CMakeFiles/untitled3.elf.dir/Core/Src/gpio.c.obj
 .debug_ranges  0x000000a0       0x20 CMakeFiles/untitled3.elf.dir/Core/Src/i2c.c.obj
 .debug_ranges  0x000000c0       0x10 CMakeFiles/untitled3.elf.dir/Core/Src/iwdg.c.obj
 .debug_ranges  0x000000d0       0x28 CMakeFiles/untitled3.elf.dir/Core/Src/main.c.obj
 .debug_ranges  0x000000f8       0x28 CMakeFiles/untitled3.elf.dir/Core/Src/spi.c.obj
 .debug_ranges  0x00000120       0x10 CMakeFiles/untitled3.elf.dir/Core/Src/stm32f4xx_hal_msp.c.obj
 .debug_ranges  0x00000130       0x20 CMakeFiles/untitled3.elf.dir/Core/Src/stm32f4xx_hal_timebase_tim.c.obj
 .debug_ranges  0x00000150       0x40 CMakeFiles/untitled3.elf.dir/Core/Src/stm32f4xx_it.c.obj
 .debug_ranges  0x00000190       0x18 CMakeFiles/untitled3.elf.dir/Core/Src/system_stm32f4xx.c.obj
 .debug_ranges  0x000001a8       0x50 CMakeFiles/untitled3.elf.dir/Core/Src/tim.c.obj
 .debug_ranges  0x000001f8       0x38 CMakeFiles/untitled3.elf.dir/Core/Src/usart.c.obj
 .debug_ranges  0x00000230       0xe0 CMakeFiles/untitled3.elf.dir/Drivers/STM32F4xx_HAL_Driver/Src/stm32f4xx_hal.c.obj
 .debug_ranges  0x00000310       0xd8 CMakeFiles/untitled3.elf.dir/Drivers/STM32F4xx_HAL_Driver/Src/stm32f4xx_hal_adc.c.obj
 .debug_ranges  0x000003e8       0xf8 CMakeFiles/untitled3.elf.dir/Drivers/STM32F4xx_HAL_Driver/Src/stm32f4xx_hal_cortex.c.obj
 .debug_ranges  0x000004e0       0x40 CMakeFiles/untitled3.elf.dir/Drivers/STM32F4xx_HAL_Driver/Src/stm32f4xx_hal_crc.c.obj
 .debug_ranges  0x00000520       0x48 CMakeFiles/untitled3.elf.dir/Drivers/STM32F4xx_HAL_Driver/Src/stm32f4xx_hal_gpio.c.obj
 .debug_ranges  0x00000568      0x2a8 CMakeFiles/untitled3.elf.dir/Drivers/STM32F4xx_HAL_Driver/Src/stm32f4xx_hal_i2c.c.obj
 .debug_ranges  0x00000810       0x18 CMakeFiles/untitled3.elf.dir/Drivers/STM32F4xx_HAL_Driver/Src/stm32f4xx_hal_iwdg.c.obj
 .debug_ranges  0x00000828       0x90 CMakeFiles/untitled3.elf.dir/Drivers/STM32F4xx_HAL_Driver/Src/stm32f4xx_hal_rcc.c.obj
 .debug_ranges  0x000008b8      0x1c0 CMakeFiles/untitled3.elf.dir/Drivers/STM32F4xx_HAL_Driver/Src/stm32f4xx_hal_spi.c.obj
 .debug_ranges  0x00000a78       0x90 CMakeFiles/untitled3.elf.dir/Drivers/STM32F4xx_HAL_Driver/Src/stm32f4xx_hal_sram.c.obj
 .debug_ranges  0x00000b08      0x398 CMakeFiles/untitled3.elf.dir/Drivers/STM32F4xx_HAL_Driver/Src/stm32f4xx_hal_tim.c.obj
 .debug_ranges  0x00000ea0      0x140 CMakeFiles/untitled3.elf.dir/Drivers/STM32F4xx_HAL_Driver/Src/stm32f4xx_hal_tim_ex.c.obj
 .debug_ranges  0x00000fe0      0x1c0 CMakeFiles/untitled3.elf.dir/Drivers/STM32F4xx_HAL_Driver/Src/stm32f4xx_hal_uart.c.obj
 .debug_ranges  0x000011a0       0x98 CMakeFiles/untitled3.elf.dir/Drivers/STM32F4xx_HAL_Driver/Src/stm32f4xx_ll_fsmc.c.obj
 .debug_ranges  0x00001238      0x1c8 CMakeFiles/untitled3.elf.dir/Middlewares/Third_Party/FreeRTOS/Source/CMSIS_RTOS/cmsis_os.c.obj
 .debug_ranges  0x00001400       0x30 CMakeFiles/untitled3.elf.dir/Middlewares/Third_Party/FreeRTOS/Source/list.c.obj
 .debug_ranges  0x00001430       0x88 CMakeFiles/untitled3.elf.dir/Middlewares/Third_Party/FreeRTOS/Source/portable/GCC/ARM_CM4F/port.c.obj
 .debug_ranges  0x000014b8       0x40 CMakeFiles/untitled3.elf.dir/Middlewares/Third_Party/FreeRTOS/Source/portable/MemMang/heap_4.c.obj
 .debug_ranges  0x000014f8      0x268 CMakeFiles/untitled3.elf.dir/Middlewares/Third_Party/FreeRTOS/Source/tasks.c.obj
 .debug_ranges  0x00001760       0x20 CMakeFiles/untitled3.elf.dir/startup/startup_stm32f407xx.s.obj

.debug_line     0x00000000    0x1b195
 .debug_line    0x00000000      0x3e4 CMakeFiles/untitled3.elf.dir/Core/Src/adc.c.obj
 .debug_line    0x000003e4      0x2ed CMakeFiles/untitled3.elf.dir/Core/Src/crc.c.obj
 .debug_line    0x000006d1      0x319 CMakeFiles/untitled3.elf.dir/Core/Src/freertos.c.obj
 .debug_line    0x000009ea      0x4b4 CMakeFiles/untitled3.elf.dir/Core/Src/fsmc.c.obj
 .debug_line    0x00000e9e      0x329 CMakeFiles/untitled3.elf.dir/Core/Src/gpio.c.obj
 .debug_line    0x000011c7      0x3a1 CMakeFiles/untitled3.elf.dir/Core/Src/i2c.c.obj
 .debug_line    0x00001568      0x2ad CMakeFiles/untitled3.elf.dir/Core/Src/iwdg.c.obj
 .debug_line    0x00001815      0x533 CMakeFiles/untitled3.elf.dir/Core/Src/main.c.obj
 .debug_line    0x00001d48      0x4ed CMakeFiles/untitled3.elf.dir/Core/Src/spi.c.obj
 .debug_line    0x00002235      0x241 CMakeFiles/untitled3.elf.dir/Core/Src/stm32f4xx_hal_msp.c.obj
 .debug_line    0x00002476      0x32e CMakeFiles/untitled3.elf.dir/Core/Src/stm32f4xx_hal_timebase_tim.c.obj
 .debug_line    0x000027a4      0x327 CMakeFiles/untitled3.elf.dir/Core/Src/stm32f4xx_it.c.obj
 .debug_line    0x00002acb      0x302 CMakeFiles/untitled3.elf.dir/Core/Src/system_stm32f4xx.c.obj
 .debug_line    0x00002dcd      0x9b5 CMakeFiles/untitled3.elf.dir/Core/Src/tim.c.obj
 .debug_line    0x00003782      0x65c CMakeFiles/untitled3.elf.dir/Core/Src/usart.c.obj
 .debug_line    0x00003dde      0x63d CMakeFiles/untitled3.elf.dir/Drivers/STM32F4xx_HAL_Driver/Src/stm32f4xx_hal.c.obj
 .debug_line    0x0000441b     0x1109 CMakeFiles/untitled3.elf.dir/Drivers/STM32F4xx_HAL_Driver/Src/stm32f4xx_hal_adc.c.obj
 .debug_line    0x00005524      0x850 CMakeFiles/untitled3.elf.dir/Drivers/STM32F4xx_HAL_Driver/Src/stm32f4xx_hal_cortex.c.obj
 .debug_line    0x00005d74      0x47b CMakeFiles/untitled3.elf.dir/Drivers/STM32F4xx_HAL_Driver/Src/stm32f4xx_hal_crc.c.obj
 .debug_line    0x000061ef      0x786 CMakeFiles/untitled3.elf.dir/Drivers/STM32F4xx_HAL_Driver/Src/stm32f4xx_hal_gpio.c.obj
 .debug_line    0x00006975     0x51d5 CMakeFiles/untitled3.elf.dir/Drivers/STM32F4xx_HAL_Driver/Src/stm32f4xx_hal_i2c.c.obj
 .debug_line    0x0000bb4a      0x2f9 CMakeFiles/untitled3.elf.dir/Drivers/STM32F4xx_HAL_Driver/Src/stm32f4xx_hal_iwdg.c.obj
 .debug_line    0x0000be43      0xbbb CMakeFiles/untitled3.elf.dir/Drivers/STM32F4xx_HAL_Driver/Src/stm32f4xx_hal_rcc.c.obj
 .debug_line    0x0000c9fe     0x2508 CMakeFiles/untitled3.elf.dir/Drivers/STM32F4xx_HAL_Driver/Src/stm32f4xx_hal_spi.c.obj
 .debug_line    0x0000ef06      0x936 CMakeFiles/untitled3.elf.dir/Drivers/STM32F4xx_HAL_Driver/Src/stm32f4xx_hal_sram.c.obj
 .debug_line    0x0000f83c     0x3719 CMakeFiles/untitled3.elf.dir/Drivers/STM32F4xx_HAL_Driver/Src/stm32f4xx_hal_tim.c.obj
 .debug_line    0x00012f55     0x124c CMakeFiles/untitled3.elf.dir/Drivers/STM32F4xx_HAL_Driver/Src/stm32f4xx_hal_tim_ex.c.obj
 .debug_line    0x000141a1     0x1cd4 CMakeFiles/untitled3.elf.dir/Drivers/STM32F4xx_HAL_Driver/Src/stm32f4xx_hal_uart.c.obj
 .debug_line    0x00015e75      0x8bf CMakeFiles/untitled3.elf.dir/Drivers/STM32F4xx_HAL_Driver/Src/stm32f4xx_ll_fsmc.c.obj
 .debug_line    0x00016734     0x1262 CMakeFiles/untitled3.elf.dir/Middlewares/Third_Party/FreeRTOS/Source/CMSIS_RTOS/cmsis_os.c.obj
 .debug_line    0x00017996      0x403 CMakeFiles/untitled3.elf.dir/Middlewares/Third_Party/FreeRTOS/Source/list.c.obj
 .debug_line    0x00017d99      0x7b4 CMakeFiles/untitled3.elf.dir/Middlewares/Third_Party/FreeRTOS/Source/portable/GCC/ARM_CM4F/port.c.obj
 .debug_line    0x0001854d      0x70f CMakeFiles/untitled3.elf.dir/Middlewares/Third_Party/FreeRTOS/Source/portable/MemMang/heap_4.c.obj
 .debug_line    0x00018c5c     0x2490 CMakeFiles/untitled3.elf.dir/Middlewares/Third_Party/FreeRTOS/Source/tasks.c.obj
 .debug_line    0x0001b0ec       0xa9 CMakeFiles/untitled3.elf.dir/startup/startup_stm32f407xx.s.obj

.debug_str      0x00000000     0x7981
 .debug_str     0x00000000      0x776 CMakeFiles/untitled3.elf.dir/Core/Src/adc.c.obj
                                0x82c (size before relaxing)
 .debug_str     0x00000776      0x129 CMakeFiles/untitled3.elf.dir/Core/Src/crc.c.obj
                                0x46a (size before relaxing)
 .debug_str     0x0000089f      0x300 CMakeFiles/untitled3.elf.dir/Core/Src/freertos.c.obj
                                0x50b (size before relaxing)
 .debug_str     0x00000b9f      0x307 CMakeFiles/untitled3.elf.dir/Core/Src/fsmc.c.obj
                                0x903 (size before relaxing)
 .debug_str     0x00000ea6       0x79 CMakeFiles/untitled3.elf.dir/Core/Src/gpio.c.obj
                                0x3bd (size before relaxing)
 .debug_str     0x00000f1f      0x2e9 CMakeFiles/untitled3.elf.dir/Core/Src/i2c.c.obj
                                0x8e9 (size before relaxing)
 .debug_str     0x00001208       0x97 CMakeFiles/untitled3.elf.dir/Core/Src/iwdg.c.obj
                                0x295 (size before relaxing)
 .debug_str     0x0000129f      0x447 CMakeFiles/untitled3.elf.dir/Core/Src/main.c.obj
                                0xa11 (size before relaxing)
 .debug_str     0x000016e6      0x22a CMakeFiles/untitled3.elf.dir/Core/Src/spi.c.obj
                                0x859 (size before relaxing)
 .debug_str     0x00001910      0x55a CMakeFiles/untitled3.elf.dir/Core/Src/stm32f4xx_hal_msp.c.obj
                                0x80f (size before relaxing)
 .debug_str     0x00001e6a      0x13c CMakeFiles/untitled3.elf.dir/Core/Src/stm32f4xx_hal_timebase_tim.c.obj
                                0xd8f (size before relaxing)
 .debug_str     0x00001fa6       0xd2 CMakeFiles/untitled3.elf.dir/Core/Src/stm32f4xx_it.c.obj
                                0x6a9 (size before relaxing)
 .debug_str     0x00002078      0x106 CMakeFiles/untitled3.elf.dir/Core/Src/system_stm32f4xx.c.obj
                                0x3c6 (size before relaxing)
 .debug_str     0x0000217e      0x33a CMakeFiles/untitled3.elf.dir/Core/Src/tim.c.obj
                                0xb4b (size before relaxing)
 .debug_str     0x000024b8      0x1e3 CMakeFiles/untitled3.elf.dir/Core/Src/usart.c.obj
                                0x86d (size before relaxing)
 .debug_str     0x0000269b      0x332 CMakeFiles/untitled3.elf.dir/Drivers/STM32F4xx_HAL_Driver/Src/stm32f4xx_hal.c.obj
                                0xbab (size before relaxing)
 .debug_str     0x000029cd      0x2ec CMakeFiles/untitled3.elf.dir/Drivers/STM32F4xx_HAL_Driver/Src/stm32f4xx_hal_adc.c.obj
                                0x9a4 (size before relaxing)
 .debug_str     0x00002cb9      0x466 CMakeFiles/untitled3.elf.dir/Drivers/STM32F4xx_HAL_Driver/Src/stm32f4xx_hal_cortex.c.obj
                                0xc7d (size before relaxing)
 .debug_str     0x0000311f       0xc8 CMakeFiles/untitled3.elf.dir/Drivers/STM32F4xx_HAL_Driver/Src/stm32f4xx_hal_crc.c.obj
                                0x3f4 (size before relaxing)
 .debug_str     0x000031e7      0x14e CMakeFiles/untitled3.elf.dir/Drivers/STM32F4xx_HAL_Driver/Src/stm32f4xx_hal_gpio.c.obj
                                0x531 (size before relaxing)
 .debug_str     0x00003335      0x8e8 CMakeFiles/untitled3.elf.dir/Drivers/STM32F4xx_HAL_Driver/Src/stm32f4xx_hal_i2c.c.obj
                               0x1081 (size before relaxing)
 .debug_str     0x00003c1d       0x75 CMakeFiles/untitled3.elf.dir/Drivers/STM32F4xx_HAL_Driver/Src/stm32f4xx_hal_iwdg.c.obj
                                0x2d9 (size before relaxing)
 .debug_str     0x00003c92      0x18e CMakeFiles/untitled3.elf.dir/Drivers/STM32F4xx_HAL_Driver/Src/stm32f4xx_hal_rcc.c.obj
                                0x757 (size before relaxing)
 .debug_str     0x00003e20      0x529 CMakeFiles/untitled3.elf.dir/Drivers/STM32F4xx_HAL_Driver/Src/stm32f4xx_hal_spi.c.obj
                                0xc2a (size before relaxing)
 .debug_str     0x00004349      0x283 CMakeFiles/untitled3.elf.dir/Drivers/STM32F4xx_HAL_Driver/Src/stm32f4xx_hal_sram.c.obj
                                0x96d (size before relaxing)
 .debug_str     0x000045cc      0xc67 CMakeFiles/untitled3.elf.dir/Drivers/STM32F4xx_HAL_Driver/Src/stm32f4xx_hal_tim.c.obj
                               0x14fc (size before relaxing)
 .debug_str     0x00005233      0x451 CMakeFiles/untitled3.elf.dir/Drivers/STM32F4xx_HAL_Driver/Src/stm32f4xx_hal_tim_ex.c.obj
                                0xd14 (size before relaxing)
 .debug_str     0x00005684      0x52a CMakeFiles/untitled3.elf.dir/Drivers/STM32F4xx_HAL_Driver/Src/stm32f4xx_hal_uart.c.obj
                                0xc83 (size before relaxing)
 .debug_str     0x00005bae      0x2d4 CMakeFiles/untitled3.elf.dir/Drivers/STM32F4xx_HAL_Driver/Src/stm32f4xx_ll_fsmc.c.obj
                                0x775 (size before relaxing)
 .debug_str     0x00005e82      0xbe4 CMakeFiles/untitled3.elf.dir/Middlewares/Third_Party/FreeRTOS/Source/CMSIS_RTOS/cmsis_os.c.obj
                               0x109a (size before relaxing)
 .debug_str     0x00006a66      0x164 CMakeFiles/untitled3.elf.dir/Middlewares/Third_Party/FreeRTOS/Source/list.c.obj
                                0x353 (size before relaxing)
 .debug_str     0x00006bca      0x258 CMakeFiles/untitled3.elf.dir/Middlewares/Third_Party/FreeRTOS/Source/portable/GCC/ARM_CM4F/port.c.obj
                                0x4cf (size before relaxing)
 .debug_str     0x00006e22      0x213 CMakeFiles/untitled3.elf.dir/Middlewares/Third_Party/FreeRTOS/Source/portable/MemMang/heap_4.c.obj
                                0x43c (size before relaxing)
 .debug_str     0x00007035      0x8f2 CMakeFiles/untitled3.elf.dir/Middlewares/Third_Party/FreeRTOS/Source/tasks.c.obj
                               0x1027 (size before relaxing)
 .debug_str     0x00007927       0x5a CMakeFiles/untitled3.elf.dir/startup/startup_stm32f407xx.s.obj
                                 0x8e (size before relaxing)

.comment        0x00000000       0x4d
 .comment       0x00000000       0x4d CMakeFiles/untitled3.elf.dir/Core/Src/adc.c.obj
                                 0x4e (size before relaxing)
 .comment       0x0000004d       0x4e CMakeFiles/untitled3.elf.dir/Core/Src/crc.c.obj
 .comment       0x0000004d       0x4e CMakeFiles/untitled3.elf.dir/Core/Src/freertos.c.obj
 .comment       0x0000004d       0x4e CMakeFiles/untitled3.elf.dir/Core/Src/fsmc.c.obj
 .comment       0x0000004d       0x4e CMakeFiles/untitled3.elf.dir/Core/Src/gpio.c.obj
 .comment       0x0000004d       0x4e CMakeFiles/untitled3.elf.dir/Core/Src/i2c.c.obj
 .comment       0x0000004d       0x4e CMakeFiles/untitled3.elf.dir/Core/Src/iwdg.c.obj
 .comment       0x0000004d       0x4e CMakeFiles/untitled3.elf.dir/Core/Src/main.c.obj
 .comment       0x0000004d       0x4e CMakeFiles/untitled3.elf.dir/Core/Src/spi.c.obj
 .comment       0x0000004d       0x4e CMakeFiles/untitled3.elf.dir/Core/Src/stm32f4xx_hal_msp.c.obj
 .comment       0x0000004d       0x4e CMakeFiles/untitled3.elf.dir/Core/Src/stm32f4xx_hal_timebase_tim.c.obj
 .comment       0x0000004d       0x4e CMakeFiles/untitled3.elf.dir/Core/Src/stm32f4xx_it.c.obj
 .comment       0x0000004d       0x4e CMakeFiles/untitled3.elf.dir/Core/Src/system_stm32f4xx.c.obj
 .comment       0x0000004d       0x4e CMakeFiles/untitled3.elf.dir/Core/Src/tim.c.obj
 .comment       0x0000004d       0x4e CMakeFiles/untitled3.elf.dir/Core/Src/usart.c.obj